razel daemon: serving /Users/owebeeone/limbo/glial-dev/razel on /Users/owebeeone/limbo/glial-dev/razel/.razel-daemon.sock
[1m[33mwarning[0m[1m: unused imports: `unpack_strs` and `unpack`[0m
 [1m[94m--> [0mcrates/razel-loading/src/native_cc.rs:8:21
  [1m[94m|[0m
[1m[94m8[0m [1m[94m|[0m use crate::values::{unpack, unpack_strs};
  [1m[94m|[0m                     [1m[33m^^^^^^[0m  [1m[33m^^^^^^^^^^^[0m
  [1m[94m|[0m
  [1m[94m= [0m[1mnote[0m: `#[warn(unused_imports)]` (part of `#[warn(unused)]`) on by default

[1m[33mwarning[0m[1m: unused import: `starlark::values::list::UnpackList`[0m
  [1m[94m--> [0mcrates/razel-loading/src/native_cc.rs:12:5
   [1m[94m|[0m
[1m[94m12[0m [1m[94m|[0m use starlark::values::list::UnpackList;
   [1m[94m|[0m     [1m[33m^^^^^^^^^^^^^^^^^^^^^^^^^^^^^^^^^^[0m

[1m[33mwarning[0m[1m: unused import: `Module`[0m
  [1m[94m--> [0mcrates/razel-loading/src/fetch.rs:11:45
   [1m[94m|[0m
[1m[94m11[0m [1m[94m|[0m use starlark::environment::{GlobalsBuilder, Module};
   [1m[94m|[0m                                             [1m[33m^^^^^^[0m

[1m[33mwarning[0m[1m: unused imports: `AstModule` and `Dialect`[0m
  [1m[94m--> [0mcrates/razel-loading/src/fetch.rs:14:24
   [1m[94m|[0m
[1m[94m14[0m [1m[94m|[0m use starlark::syntax::{AstModule, Dialect};
   [1m[94m|[0m                        [1m[33m^^^^^^^^^[0m  [1m[33m^^^^^^^[0m

[1m[33mwarning[0m[1m: unused imports: `unpack_strs_any` and `unpack`[0m
  [1m[94m--> [0mcrates/razel-loading/src/py_rules.rs:17:21
   [1m[94m|[0m
[1m[94m17[0m [1m[94m|[0m use crate::values::{unpack, unpack_strs_any};
   [1m[94m|[0m                     [1m[33m^^^^^^[0m  [1m[33m^^^^^^^^^^^^^^^[0m

[1m[33mwarning[0m[1m: unused import: `starlark::values::list::UnpackList`[0m
  [1m[94m--> [0mcrates/razel-loading/src/py_rules.rs:23:5
   [1m[94m|[0m
[1m[94m23[0m [1m[94m|[0m use starlark::values::list::UnpackList;
   [1m[94m|[0m     [1m[33m^^^^^^^^^^^^^^^^^^^^^^^^^^^^^^^^^^[0m

[1m[33mwarning[0m[1m: unused import: `unpack`[0m
  [1m[94m--> [0mcrates/razel-loading/src/sh_rules.rs:13:21
   [1m[94m|[0m
[1m[94m13[0m [1m[94m|[0m use crate::values::{unpack, unpack_strs};
   [1m[94m|[0m                     [1m[33m^^^^^^[0m

[1m[33mwarning[0m[1m: function `unpack` is never used[0m
   [1m[94m--> [0mcrates/razel-loading/src/values.rs:720:15
    [1m[94m|[0m
[1m[94m720[0m [1m[94m|[0m pub(crate) fn unpack(list: Option<UnpackList<String>>) -> Vec<String> {
    [1m[94m|[0m               [1m[33m^^^^^^[0m
    [1m[94m|[0m
    [1m[94m= [0m[1mnote[0m: `#[warn(dead_code)]` (part of `#[warn(unused)]`) on by default

[1m[33mwarning[0m[1m: 8 warnings emitted[0m

[1m[33mwarning[0m[1m: unused imports: `build_workspace_with`, `config_segment`, and `resolve_build_file`[0m
  [1m[94m--> [0mcrates/razel-cli/src/tests.rs:25:18
   [1m[94m|[0m
[1m[94m25[0m [1m[94m|[0m     GlobalFlags, build_workspace_with, config_segment, convenience_symlinks, resolve_build_file,
   [1m[94m|[0m                  [1m[33m^^^^^^^^^^^^^^^^^^^^[0m  [1m[33m^^^^^^^^^^^^^^[0m                        [1m[33m^^^^^^^^^^^^^^^^^^[0m
   [1m[94m|[0m
[1m[96mhelp[0m: if this is a test module, consider adding a `#[cfg(test)]` to the containing module
  [1m[94m--> [0mcrates/razel-cli/src/lib.rs:31:1
   [1m[94m|[0m
[1m[94m31[0m [1m[94m|[0m mod tests;
   [1m[94m|[0m [1m[96m^^^^^^^^^^[0m
   [1m[94m= [0m[1mnote[0m: `#[warn(unused_imports)]` (part of `#[warn(unused)]`) on by default

[1m[33mwarning[0m[1m: unused import: `razel_core::Digest`[0m
  [1m[94m--> [0mcrates/razel-cli/src/tests.rs:27:5
   [1m[94m|[0m
[1m[94m27[0m [1m[94m|[0m use razel_core::Digest;
   [1m[94m|[0m     [1m[33m^^^^^^^^^^^^^^^^^^[0m
   [1m[94m|[0m
[1m[96mhelp[0m: if this is a test module, consider adding a `#[cfg(test)]` to the containing module
  [1m[94m--> [0mcrates/razel-cli/src/lib.rs:31:1
   [1m[94m|[0m
[1m[94m31[0m [1m[94m|[0m mod tests;
   [1m[94m|[0m [1m[96m^^^^^^^^^^[0m

[1m[33mwarning[0m[1m: unused import: `Server`[0m
  [1m[94m--> [0mcrates/razel-cli/src/tests.rs:28:31
   [1m[94m|[0m
[1m[94m28[0m [1m[94m|[0m use razel_daemon::rpc::{self, Server};
   [1m[94m|[0m                               [1m[33m^^^^^^[0m
   [1m[94m|[0m
[1m[96mhelp[0m: if this is a test module, consider adding a `#[cfg(test)]` to the containing module
  [1m[94m--> [0mcrates/razel-cli/src/lib.rs:31:1
   [1m[94m|[0m
[1m[94m31[0m [1m[94m|[0m mod tests;
   [1m[94m|[0m [1m[96m^^^^^^^^^^[0m

[1m[33mwarning[0m[1m: unused import: `razel_exec::Cache`[0m
  [1m[94m--> [0mcrates/razel-cli/src/tests.rs:29:5
   [1m[94m|[0m
[1m[94m29[0m [1m[94m|[0m use razel_exec::Cache;
   [1m[94m|[0m     [1m[33m^^^^^^^^^^^^^^^^^[0m
   [1m[94m|[0m
[1m[96mhelp[0m: if this is a test module, consider adding a `#[cfg(test)]` to the containing module
  [1m[94m--> [0mcrates/razel-cli/src/lib.rs:31:1
   [1m[94m|[0m
[1m[94m31[0m [1m[94m|[0m mod tests;
   [1m[94m|[0m [1m[96m^^^^^^^^^^[0m

[1m[33mwarning[0m[1m: unused imports: `BuildState`, `ImpactSet`, `InvocationEvent`, and `OutputArtifact`[0m
  [1m[94m--> [0mcrates/razel-cli/src/tests.rs:31:18
   [1m[94m|[0m
[1m[94m31[0m [1m[94m|[0m     BuildResult, BuildState, BuildStatus, Hello, ImpactSet, InvocationEvent, OutputArtifact,
   [1m[94m|[0m                  [1m[33m^^^^^^^^^^[0m                      [1m[33m^^^^^^^^^[0m  [1m[33m^^^^^^^^^^^^^^^[0m  [1m[33m^^^^^^^^^^^^^^[0m
   [1m[94m|[0m
[1m[96mhelp[0m: if this is a test module, consider adding a `#[cfg(test)]` to the containing module
  [1m[94m--> [0mcrates/razel-cli/src/lib.rs:31:1
   [1m[94m|[0m
[1m[94m31[0m [1m[94m|[0m mod tests;
   [1m[94m|[0m [1m[96m^^^^^^^^^^[0m

[1m[33mwarning[0m[1m: unused import: `PathBuf`[0m
  [1m[94m--> [0mcrates/razel-cli/src/tests.rs:34:23
   [1m[94m|[0m
[1m[94m34[0m [1m[94m|[0m use std::path::{Path, PathBuf};
   [1m[94m|[0m                       [1m[33m^^^^^^^[0m
   [1m[94m|[0m
[1m[96mhelp[0m: if this is a test module, consider adding a `#[cfg(test)]` to the containing module
  [1m[94m--> [0mcrates/razel-cli/src/lib.rs:31:1
   [1m[94m|[0m
[1m[94m31[0m [1m[94m|[0m mod tests;
   [1m[94m|[0m [1m[96m^^^^^^^^^^[0m

[1m[33mwarning[0m[1m: unused import: `bazel_build_compat_env`[0m
  [1m[94m--> [0mcrates/razel-cli/src/tests.rs:41:37
   [1m[94m|[0m
[1m[94m41[0m [1m[94m|[0m use razel_build::args::{self, Opts, bazel_build_compat_env, default_socket};
   [1m[94m|[0m                                     [1m[33m^^^^^^^^^^^^^^^^^^^^^^[0m
   [1m[94m|[0m
[1m[96mhelp[0m: if this is a test module, consider adding a `#[cfg(test)]` to the containing module
  [1m[94m--> [0mcrates/razel-cli/src/lib.rs:31:1
   [1m[94m|[0m
[1m[94m31[0m [1m[94m|[0m mod tests;
   [1m[94m|[0m [1m[96m^^^^^^^^^^[0m

[1m[33mwarning[0m[1m: unused imports: `GlobalFlags`, `build_workspace_with`, `config_segment`, `convenience_symlinks`, and `resolve_build_file`[0m
  [1m[94m--> [0mcrates/razel-cli/src/flag_mapping_tests.rs:25:5
   [1m[94m|[0m
[1m[94m25[0m [1m[94m|[0m     GlobalFlags, build_workspace_with, config_segment, convenience_symlinks, resolve_build_file,
   [1m[94m|[0m     [1m[33m^^^^^^^^^^^[0m  [1m[33m^^^^^^^^^^^^^^^^^^^^[0m  [1m[33m^^^^^^^^^^^^^^[0m  [1m[33m^^^^^^^^^^^^^^^^^^^^[0m  [1m[33m^^^^^^^^^^^^^^^^^^[0m
   [1m[94m|[0m
[1m[96mhelp[0m: if this is a test module, consider adding a `#[cfg(test)]` to the containing module
  [1m[94m--> [0mcrates/razel-cli/src/lib.rs:33:1
   [1m[94m|[0m
[1m[94m33[0m [1m[94m|[0m mod flag_mapping_tests;
   [1m[94m|[0m [1m[96m^^^^^^^^^^^^^^^^^^^^^^^[0m

[1m[33mwarning[0m[1m: unused import: `razel_core::Digest`[0m
  [1m[94m--> [0mcrates/razel-cli/src/flag_mapping_tests.rs:27:5
   [1m[94m|[0m
[1m[94m27[0m [1m[94m|[0m use razel_core::Digest;
   [1m[94m|[0m     [1m[33m^^^^^^^^^^^^^^^^^^[0m
   [1m[94m|[0m
[1m[96mhelp[0m: if this is a test module, consider adding a `#[cfg(test)]` to the containing module
  [1m[94m--> [0mcrates/razel-cli/src/lib.rs:33:1
   [1m[94m|[0m
[1m[94m33[0m [1m[94m|[0m mod flag_mapping_tests;
   [1m[94m|[0m [1m[96m^^^^^^^^^^^^^^^^^^^^^^^[0m

[1m[33mwarning[0m[1m: unused imports: `Server` and `self`[0m
  [1m[94m--> [0mcrates/razel-cli/src/flag_mapping_tests.rs:28:25
   [1m[94m|[0m
[1m[94m28[0m [1m[94m|[0m use razel_daemon::rpc::{self, Server};
   [1m[94m|[0m                         [1m[33m^^^^[0m  [1m[33m^^^^^^[0m
   [1m[94m|[0m
[1m[96mhelp[0m: if this is a test module, consider adding a `#[cfg(test)]` to the containing module
  [1m[94m--> [0mcrates/razel-cli/src/lib.rs:33:1
   [1m[94m|[0m
[1m[94m33[0m [1m[94m|[0m mod flag_mapping_tests;
   [1m[94m|[0m [1m[96m^^^^^^^^^^^^^^^^^^^^^^^[0m

[1m[33mwarning[0m[1m: unused import: `razel_exec::Cache`[0m
  [1m[94m--> [0mcrates/razel-cli/src/flag_mapping_tests.rs:29:5
   [1m[94m|[0m
[1m[94m29[0m [1m[94m|[0m use razel_exec::Cache;
   [1m[94m|[0m     [1m[33m^^^^^^^^^^^^^^^^^[0m
   [1m[94m|[0m
[1m[96mhelp[0m: if this is a test module, consider adding a `#[cfg(test)]` to the containing module
  [1m[94m--> [0mcrates/razel-cli/src/lib.rs:33:1
   [1m[94m|[0m
[1m[94m33[0m [1m[94m|[0m mod flag_mapping_tests;
   [1m[94m|[0m [1m[96m^^^^^^^^^^^^^^^^^^^^^^^[0m

[1m[33mwarning[0m[1m: unused imports: `BuildResult`, `BuildState`, `BuildStatus`, `Hello`, `ImpactSet`, `InvocationEvent`, `OutputArtifact`, `VersionInfo`, and `encode`[0m
  [1m[94m--> [0mcrates/razel-cli/src/flag_mapping_tests.rs:31:5
   [1m[94m|[0m
[1m[94m31[0m [1m[94m|[0m     BuildResult, BuildState, BuildStatus, Hello, ImpactSet, InvocationEvent, OutputArtifact,
   [1m[94m|[0m     [1m[33m^^^^^^^^^^^[0m  [1m[33m^^^^^^^^^^[0m  [1m[33m^^^^^^^^^^^[0m  [1m[33m^^^^^[0m  [1m[33m^^^^^^^^^[0m  [1m[33m^^^^^^^^^^^^^^^[0m  [1m[33m^^^^^^^^^^^^^^[0m
[1m[94m32[0m [1m[94m|[0m     VersionInfo, encode,
   [1m[94m|[0m     [1m[33m^^^^^^^^^^^[0m  [1m[33m^^^^^^[0m
   [1m[94m|[0m
[1m[96mhelp[0m: if this is a test module, consider adding a `#[cfg(test)]` to the containing module
  [1m[94m--> [0mcrates/razel-cli/src/lib.rs:33:1
   [1m[94m|[0m
[1m[94m33[0m [1m[94m|[0m mod flag_mapping_tests;
   [1m[94m|[0m [1m[96m^^^^^^^^^^^^^^^^^^^^^^^[0m

[1m[33mwarning[0m[1m: unused imports: `PathBuf` and `Path`[0m
  [1m[94m--> [0mcrates/razel-cli/src/flag_mapping_tests.rs:34:17
   [1m[94m|[0m
[1m[94m34[0m [1m[94m|[0m use std::path::{Path, PathBuf};
   [1m[94m|[0m                 [1m[33m^^^^[0m  [1m[33m^^^^^^^[0m
   [1m[94m|[0m
[1m[96mhelp[0m: if this is a test module, consider adding a `#[cfg(test)]` to the containing module
  [1m[94m--> [0mcrates/razel-cli/src/lib.rs:33:1
   [1m[94m|[0m
[1m[94m33[0m [1m[94m|[0m mod flag_mapping_tests;
   [1m[94m|[0m [1m[96m^^^^^^^^^^^^^^^^^^^^^^^[0m

[1m[33mwarning[0m[1m: unused import: `std::process::ExitCode`[0m
  [1m[94m--> [0mcrates/razel-cli/src/flag_mapping_tests.rs:35:5
   [1m[94m|[0m
[1m[94m35[0m [1m[94m|[0m use std::process::ExitCode;
   [1m[94m|[0m     [1m[33m^^^^^^^^^^^^^^^^^^^^^^[0m
   [1m[94m|[0m
[1m[96mhelp[0m: if this is a test module, consider adding a `#[cfg(test)]` to the containing module
  [1m[94m--> [0mcrates/razel-cli/src/lib.rs:33:1
   [1m[94m|[0m
[1m[94m33[0m [1m[94m|[0m mod flag_mapping_tests;
   [1m[94m|[0m [1m[96m^^^^^^^^^^^^^^^^^^^^^^^[0m

[1m[33mwarning[0m[1m: unused imports: `Opts`, `bazel_build_compat_env`, `default_socket`, and `self`[0m
  [1m[94m--> [0mcrates/razel-cli/src/flag_mapping_tests.rs:41:25
   [1m[94m|[0m
[1m[94m41[0m [1m[94m|[0m use razel_build::args::{self, Opts, bazel_build_compat_env, default_socket};
   [1m[94m|[0m                         [1m[33m^^^^[0m  [1m[33m^^^^[0m  [1m[33m^^^^^^^^^^^^^^^^^^^^^^[0m  [1m[33m^^^^^^^^^^^^^^[0m
   [1m[94m|[0m
[1m[96mhelp[0m: if this is a test module, consider adding a `#[cfg(test)]` to the containing module
  [1m[94m--> [0mcrates/razel-cli/src/lib.rs:33:1
   [1m[94m|[0m
[1m[94m33[0m [1m[94m|[0m mod flag_mapping_tests;
   [1m[94m|[0m [1m[96m^^^^^^^^^^^^^^^^^^^^^^^[0m

[1m[33mwarning[0m[1m: unused import: `crate::*`[0m
  [1m[94m--> [0mcrates/razel-cli/src/flag_mapping_tests.rs:44:5
   [1m[94m|[0m
[1m[94m44[0m [1m[94m|[0m use crate::*;
   [1m[94m|[0m     [1m[33m^^^^^^^^[0m
   [1m[94m|[0m
[1m[96mhelp[0m: if this is a test module, consider adding a `#[cfg(test)]` to the containing module
  [1m[94m--> [0mcrates/razel-cli/src/lib.rs:33:1
   [1m[94m|[0m
[1m[94m33[0m [1m[94m|[0m mod flag_mapping_tests;
   [1m[94m|[0m [1m[96m^^^^^^^^^^^^^^^^^^^^^^^[0m

[1m[33mwarning[0m[1m: 16 warnings emitted[0m

razel daemon: serving /Users/owebeeone/limbo/glial-dev/razel on /Users/owebeeone/limbo/glial-dev/razel/.razel-daemon.sock
[1m[33mwarning[0m[1m: unused imports: `unpack_strs` and `unpack`[0m
 [1m[94m--> [0mcrates/razel-loading/src/native_cc.rs:8:21
  [1m[94m|[0m
[1m[94m8[0m [1m[94m|[0m use crate::values::{unpack, unpack_strs};
  [1m[94m|[0m                     [1m[33m^^^^^^[0m  [1m[33m^^^^^^^^^^^[0m
  [1m[94m|[0m
  [1m[94m= [0m[1mnote[0m: `#[warn(unused_imports)]` (part of `#[warn(unused)]`) on by default

[1m[33mwarning[0m[1m: unused import: `starlark::values::list::UnpackList`[0m
  [1m[94m--> [0mcrates/razel-loading/src/native_cc.rs:12:5
   [1m[94m|[0m
[1m[94m12[0m [1m[94m|[0m use starlark::values::list::UnpackList;
   [1m[94m|[0m     [1m[33m^^^^^^^^^^^^^^^^^^^^^^^^^^^^^^^^^^[0m

[1m[33mwarning[0m[1m: unused import: `Module`[0m
  [1m[94m--> [0mcrates/razel-loading/src/fetch.rs:11:45
   [1m[94m|[0m
[1m[94m11[0m [1m[94m|[0m use starlark::environment::{GlobalsBuilder, Module};
   [1m[94m|[0m                                             [1m[33m^^^^^^[0m

[1m[33mwarning[0m[1m: unused imports: `AstModule` and `Dialect`[0m
  [1m[94m--> [0mcrates/razel-loading/src/fetch.rs:14:24
   [1m[94m|[0m
[1m[94m14[0m [1m[94m|[0m use starlark::syntax::{AstModule, Dialect};
   [1m[94m|[0m                        [1m[33m^^^^^^^^^[0m  [1m[33m^^^^^^^[0m

[1m[33mwarning[0m[1m: unused imports: `unpack_strs_any` and `unpack`[0m
  [1m[94m--> [0mcrates/razel-loading/src/py_rules.rs:17:21
   [1m[94m|[0m
[1m[94m17[0m [1m[94m|[0m use crate::values::{unpack, unpack_strs_any};
   [1m[94m|[0m                     [1m[33m^^^^^^[0m  [1m[33m^^^^^^^^^^^^^^^[0m

[1m[33mwarning[0m[1m: unused import: `starlark::values::list::UnpackList`[0m
  [1m[94m--> [0mcrates/razel-loading/src/py_rules.rs:23:5
   [1m[94m|[0m
[1m[94m23[0m [1m[94m|[0m use starlark::values::list::UnpackList;
   [1m[94m|[0m     [1m[33m^^^^^^^^^^^^^^^^^^^^^^^^^^^^^^^^^^[0m

[1m[33mwarning[0m[1m: unused import: `unpack`[0m
  [1m[94m--> [0mcrates/razel-loading/src/sh_rules.rs:13:21
   [1m[94m|[0m
[1m[94m13[0m [1m[94m|[0m use crate::values::{unpack, unpack_strs};
   [1m[94m|[0m                     [1m[33m^^^^^^[0m

[1m[33mwarning[0m[1m: function `unpack` is never used[0m
   [1m[94m--> [0mcrates/razel-loading/src/values.rs:720:15
    [1m[94m|[0m
[1m[94m720[0m [1m[94m|[0m pub(crate) fn unpack(list: Option<UnpackList<String>>) -> Vec<String> {
    [1m[94m|[0m               [1m[33m^^^^^^[0m
    [1m[94m|[0m
    [1m[94m= [0m[1mnote[0m: `#[warn(dead_code)]` (part of `#[warn(unused)]`) on by default

[1m[33mwarning[0m[1m: 8 warnings emitted[0m

[1m[33mwarning[0m[1m: unused imports: `build_workspace_with`, `config_segment`, and `resolve_build_file`[0m
  [1m[94m--> [0mcrates/razel-cli/src/tests.rs:25:18
   [1m[94m|[0m
[1m[94m25[0m [1m[94m|[0m     GlobalFlags, build_workspace_with, config_segment, convenience_symlinks, resolve_build_file,
   [1m[94m|[0m                  [1m[33m^^^^^^^^^^^^^^^^^^^^[0m  [1m[33m^^^^^^^^^^^^^^[0m                        [1m[33m^^^^^^^^^^^^^^^^^^[0m
   [1m[94m|[0m
[1m[96mhelp[0m: if this is a test module, consider adding a `#[cfg(test)]` to the containing module
  [1m[94m--> [0mcrates/razel-cli/src/lib.rs:31:1
   [1m[94m|[0m
[1m[94m31[0m [1m[94m|[0m mod tests;
   [1m[94m|[0m [1m[96m^^^^^^^^^^[0m
   [1m[94m= [0m[1mnote[0m: `#[warn(unused_imports)]` (part of `#[warn(unused)]`) on by default

[1m[33mwarning[0m[1m: unused import: `razel_core::Digest`[0m
  [1m[94m--> [0mcrates/razel-cli/src/tests.rs:27:5
   [1m[94m|[0m
[1m[94m27[0m [1m[94m|[0m use razel_core::Digest;
   [1m[94m|[0m     [1m[33m^^^^^^^^^^^^^^^^^^[0m
   [1m[94m|[0m
[1m[96mhelp[0m: if this is a test module, consider adding a `#[cfg(test)]` to the containing module
  [1m[94m--> [0mcrates/razel-cli/src/lib.rs:31:1
   [1m[94m|[0m
[1m[94m31[0m [1m[94m|[0m mod tests;
   [1m[94m|[0m [1m[96m^^^^^^^^^^[0m

[1m[33mwarning[0m[1m: unused import: `Server`[0m
  [1m[94m--> [0mcrates/razel-cli/src/tests.rs:28:31
   [1m[94m|[0m
[1m[94m28[0m [1m[94m|[0m use razel_daemon::rpc::{self, Server};
   [1m[94m|[0m                               [1m[33m^^^^^^[0m
   [1m[94m|[0m
[1m[96mhelp[0m: if this is a test module, consider adding a `#[cfg(test)]` to the containing module
  [1m[94m--> [0mcrates/razel-cli/src/lib.rs:31:1
   [1m[94m|[0m
[1m[94m31[0m [1m[94m|[0m mod tests;
   [1m[94m|[0m [1m[96m^^^^^^^^^^[0m

[1m[33mwarning[0m[1m: unused import: `razel_exec::Cache`[0m
  [1m[94m--> [0mcrates/razel-cli/src/tests.rs:29:5
   [1m[94m|[0m
[1m[94m29[0m [1m[94m|[0m use razel_exec::Cache;
   [1m[94m|[0m     [1m[33m^^^^^^^^^^^^^^^^^[0m
   [1m[94m|[0m
[1m[96mhelp[0m: if this is a test module, consider adding a `#[cfg(test)]` to the containing module
  [1m[94m--> [0mcrates/razel-cli/src/lib.rs:31:1
   [1m[94m|[0m
[1m[94m31[0m [1m[94m|[0m mod tests;
   [1m[94m|[0m [1m[96m^^^^^^^^^^[0m

[1m[33mwarning[0m[1m: unused imports: `BuildState`, `ImpactSet`, `InvocationEvent`, and `OutputArtifact`[0m
  [1m[94m--> [0mcrates/razel-cli/src/tests.rs:31:18
   [1m[94m|[0m
[1m[94m31[0m [1m[94m|[0m     BuildResult, BuildState, BuildStatus, Hello, ImpactSet, InvocationEvent, OutputArtifact,
   [1m[94m|[0m                  [1m[33m^^^^^^^^^^[0m                      [1m[33m^^^^^^^^^[0m  [1m[33m^^^^^^^^^^^^^^^[0m  [1m[33m^^^^^^^^^^^^^^[0m
   [1m[94m|[0m
[1m[96mhelp[0m: if this is a test module, consider adding a `#[cfg(test)]` to the containing module
  [1m[94m--> [0mcrates/razel-cli/src/lib.rs:31:1
   [1m[94m|[0m
[1m[94m31[0m [1m[94m|[0m mod tests;
   [1m[94m|[0m [1m[96m^^^^^^^^^^[0m

[1m[33mwarning[0m[1m: unused import: `PathBuf`[0m
  [1m[94m--> [0mcrates/razel-cli/src/tests.rs:34:23
   [1m[94m|[0m
[1m[94m34[0m [1m[94m|[0m use std::path::{Path, PathBuf};
   [1m[94m|[0m                       [1m[33m^^^^^^^[0m
   [1m[94m|[0m
[1m[96mhelp[0m: if this is a test module, consider adding a `#[cfg(test)]` to the containing module
  [1m[94m--> [0mcrates/razel-cli/src/lib.rs:31:1
   [1m[94m|[0m
[1m[94m31[0m [1m[94m|[0m mod tests;
   [1m[94m|[0m [1m[96m^^^^^^^^^^[0m

[1m[33mwarning[0m[1m: unused import: `bazel_build_compat_env`[0m
  [1m[94m--> [0mcrates/razel-cli/src/tests.rs:41:37
   [1m[94m|[0m
[1m[94m41[0m [1m[94m|[0m use razel_build::args::{self, Opts, bazel_build_compat_env, default_socket};
   [1m[94m|[0m                                     [1m[33m^^^^^^^^^^^^^^^^^^^^^^[0m
   [1m[94m|[0m
[1m[96mhelp[0m: if this is a test module, consider adding a `#[cfg(test)]` to the containing module
  [1m[94m--> [0mcrates/razel-cli/src/lib.rs:31:1
   [1m[94m|[0m
[1m[94m31[0m [1m[94m|[0m mod tests;
   [1m[94m|[0m [1m[96m^^^^^^^^^^[0m

[1m[33mwarning[0m[1m: unused imports: `GlobalFlags`, `build_workspace_with`, `config_segment`, `convenience_symlinks`, and `resolve_build_file`[0m
  [1m[94m--> [0mcrates/razel-cli/src/flag_mapping_tests.rs:25:5
   [1m[94m|[0m
[1m[94m25[0m [1m[94m|[0m     GlobalFlags, build_workspace_with, config_segment, convenience_symlinks, resolve_build_file,
   [1m[94m|[0m     [1m[33m^^^^^^^^^^^[0m  [1m[33m^^^^^^^^^^^^^^^^^^^^[0m  [1m[33m^^^^^^^^^^^^^^[0m  [1m[33m^^^^^^^^^^^^^^^^^^^^[0m  [1m[33m^^^^^^^^^^^^^^^^^^[0m
   [1m[94m|[0m
[1m[96mhelp[0m: if this is a test module, consider adding a `#[cfg(test)]` to the containing module
  [1m[94m--> [0mcrates/razel-cli/src/lib.rs:33:1
   [1m[94m|[0m
[1m[94m33[0m [1m[94m|[0m mod flag_mapping_tests;
   [1m[94m|[0m [1m[96m^^^^^^^^^^^^^^^^^^^^^^^[0m

[1m[33mwarning[0m[1m: unused import: `razel_core::Digest`[0m
  [1m[94m--> [0mcrates/razel-cli/src/flag_mapping_tests.rs:27:5
   [1m[94m|[0m
[1m[94m27[0m [1m[94m|[0m use razel_core::Digest;
   [1m[94m|[0m     [1m[33m^^^^^^^^^^^^^^^^^^[0m
   [1m[94m|[0m
[1m[96mhelp[0m: if this is a test module, consider adding a `#[cfg(test)]` to the containing module
  [1m[94m--> [0mcrates/razel-cli/src/lib.rs:33:1
   [1m[94m|[0m
[1m[94m33[0m [1m[94m|[0m mod flag_mapping_tests;
   [1m[94m|[0m [1m[96m^^^^^^^^^^^^^^^^^^^^^^^[0m

[1m[33mwarning[0m[1m: unused imports: `Server` and `self`[0m
  [1m[94m--> [0mcrates/razel-cli/src/flag_mapping_tests.rs:28:25
   [1m[94m|[0m
[1m[94m28[0m [1m[94m|[0m use razel_daemon::rpc::{self, Server};
   [1m[94m|[0m                         [1m[33m^^^^[0m  [1m[33m^^^^^^[0m
   [1m[94m|[0m
[1m[96mhelp[0m: if this is a test module, consider adding a `#[cfg(test)]` to the containing module
  [1m[94m--> [0mcrates/razel-cli/src/lib.rs:33:1
   [1m[94m|[0m
[1m[94m33[0m [1m[94m|[0m mod flag_mapping_tests;
   [1m[94m|[0m [1m[96m^^^^^^^^^^^^^^^^^^^^^^^[0m

[1m[33mwarning[0m[1m: unused import: `razel_exec::Cache`[0m
  [1m[94m--> [0mcrates/razel-cli/src/flag_mapping_tests.rs:29:5
   [1m[94m|[0m
[1m[94m29[0m [1m[94m|[0m use razel_exec::Cache;
   [1m[94m|[0m     [1m[33m^^^^^^^^^^^^^^^^^[0m
   [1m[94m|[0m
[1m[96mhelp[0m: if this is a test module, consider adding a `#[cfg(test)]` to the containing module
  [1m[94m--> [0mcrates/razel-cli/src/lib.rs:33:1
   [1m[94m|[0m
[1m[94m33[0m [1m[94m|[0m mod flag_mapping_tests;
   [1m[94m|[0m [1m[96m^^^^^^^^^^^^^^^^^^^^^^^[0m

[1m[33mwarning[0m[1m: unused imports: `BuildResult`, `BuildState`, `BuildStatus`, `Hello`, `ImpactSet`, `InvocationEvent`, `OutputArtifact`, `VersionInfo`, and `encode`[0m
  [1m[94m--> [0mcrates/razel-cli/src/flag_mapping_tests.rs:31:5
   [1m[94m|[0m
[1m[94m31[0m [1m[94m|[0m     BuildResult, BuildState, BuildStatus, Hello, ImpactSet, InvocationEvent, OutputArtifact,
   [1m[94m|[0m     [1m[33m^^^^^^^^^^^[0m  [1m[33m^^^^^^^^^^[0m  [1m[33m^^^^^^^^^^^[0m  [1m[33m^^^^^[0m  [1m[33m^^^^^^^^^[0m  [1m[33m^^^^^^^^^^^^^^^[0m  [1m[33m^^^^^^^^^^^^^^[0m
[1m[94m32[0m [1m[94m|[0m     VersionInfo, encode,
   [1m[94m|[0m     [1m[33m^^^^^^^^^^^[0m  [1m[33m^^^^^^[0m
   [1m[94m|[0m
[1m[96mhelp[0m: if this is a test module, consider adding a `#[cfg(test)]` to the containing module
  [1m[94m--> [0mcrates/razel-cli/src/lib.rs:33:1
   [1m[94m|[0m
[1m[94m33[0m [1m[94m|[0m mod flag_mapping_tests;
   [1m[94m|[0m [1m[96m^^^^^^^^^^^^^^^^^^^^^^^[0m

[1m[33mwarning[0m[1m: unused imports: `PathBuf` and `Path`[0m
  [1m[94m--> [0mcrates/razel-cli/src/flag_mapping_tests.rs:34:17
   [1m[94m|[0m
[1m[94m34[0m [1m[94m|[0m use std::path::{Path, PathBuf};
   [1m[94m|[0m                 [1m[33m^^^^[0m  [1m[33m^^^^^^^[0m
   [1m[94m|[0m
[1m[96mhelp[0m: if this is a test module, consider adding a `#[cfg(test)]` to the containing module
  [1m[94m--> [0mcrates/razel-cli/src/lib.rs:33:1
   [1m[94m|[0m
[1m[94m33[0m [1m[94m|[0m mod flag_mapping_tests;
   [1m[94m|[0m [1m[96m^^^^^^^^^^^^^^^^^^^^^^^[0m

[1m[33mwarning[0m[1m: unused import: `std::process::ExitCode`[0m
  [1m[94m--> [0mcrates/razel-cli/src/flag_mapping_tests.rs:35:5
   [1m[94m|[0m
[1m[94m35[0m [1m[94m|[0m use std::process::ExitCode;
   [1m[94m|[0m     [1m[33m^^^^^^^^^^^^^^^^^^^^^^[0m
   [1m[94m|[0m
[1m[96mhelp[0m: if this is a test module, consider adding a `#[cfg(test)]` to the containing module
  [1m[94m--> [0mcrates/razel-cli/src/lib.rs:33:1
   [1m[94m|[0m
[1m[94m33[0m [1m[94m|[0m mod flag_mapping_tests;
   [1m[94m|[0m [1m[96m^^^^^^^^^^^^^^^^^^^^^^^[0m

[1m[33mwarning[0m[1m: unused imports: `Opts`, `bazel_build_compat_env`, `default_socket`, and `self`[0m
  [1m[94m--> [0mcrates/razel-cli/src/flag_mapping_tests.rs:41:25
   [1m[94m|[0m
[1m[94m41[0m [1m[94m|[0m use razel_build::args::{self, Opts, bazel_build_compat_env, default_socket};
   [1m[94m|[0m                         [1m[33m^^^^[0m  [1m[33m^^^^[0m  [1m[33m^^^^^^^^^^^^^^^^^^^^^^[0m  [1m[33m^^^^^^^^^^^^^^[0m
   [1m[94m|[0m
[1m[96mhelp[0m: if this is a test module, consider adding a `#[cfg(test)]` to the containing module
  [1m[94m--> [0mcrates/razel-cli/src/lib.rs:33:1
   [1m[94m|[0m
[1m[94m33[0m [1m[94m|[0m mod flag_mapping_tests;
   [1m[94m|[0m [1m[96m^^^^^^^^^^^^^^^^^^^^^^^[0m

[1m[33mwarning[0m[1m: unused import: `crate::*`[0m
  [1m[94m--> [0mcrates/razel-cli/src/flag_mapping_tests.rs:44:5
   [1m[94m|[0m
[1m[94m44[0m [1m[94m|[0m use crate::*;
   [1m[94m|[0m     [1m[33m^^^^^^^^[0m
   [1m[94m|[0m
[1m[96mhelp[0m: if this is a test module, consider adding a `#[cfg(test)]` to the containing module
  [1m[94m--> [0mcrates/razel-cli/src/lib.rs:33:1
   [1m[94m|[0m
[1m[94m33[0m [1m[94m|[0m mod flag_mapping_tests;
   [1m[94m|[0m [1m[96m^^^^^^^^^^^^^^^^^^^^^^^[0m

[1m[33mwarning[0m[1m: 16 warnings emitted[0m

razel daemon: serving /Users/owebeeone/limbo/glial-dev/razel on /Users/owebeeone/limbo/glial-dev/razel/.razel-daemon.sock
razel daemon: serving /Users/owebeeone/limbo/glial-dev/razel on /Users/owebeeone/limbo/glial-dev/razel/.razel-daemon.sock
[1m[33mwarning[0m[1m: unused imports: `build_workspace_with`, `config_segment`, and `resolve_build_file`[0m
  [1m[94m--> [0mcrates/razel-cli/src/tests.rs:25:18
   [1m[94m|[0m
[1m[94m25[0m [1m[94m|[0m     GlobalFlags, build_workspace_with, config_segment, convenience_symlinks, resolve_build_file,
   [1m[94m|[0m                  [1m[33m^^^^^^^^^^^^^^^^^^^^[0m  [1m[33m^^^^^^^^^^^^^^[0m                        [1m[33m^^^^^^^^^^^^^^^^^^[0m
   [1m[94m|[0m
[1m[96mhelp[0m: if this is a test module, consider adding a `#[cfg(test)]` to the containing module
  [1m[94m--> [0mcrates/razel-cli/src/lib.rs:31:1
   [1m[94m|[0m
[1m[94m31[0m [1m[94m|[0m mod tests;
   [1m[94m|[0m [1m[96m^^^^^^^^^^[0m
   [1m[94m= [0m[1mnote[0m: `#[warn(unused_imports)]` (part of `#[warn(unused)]`) on by default

[1m[33mwarning[0m[1m: unused import: `razel_core::Digest`[0m
  [1m[94m--> [0mcrates/razel-cli/src/tests.rs:27:5
   [1m[94m|[0m
[1m[94m27[0m [1m[94m|[0m use razel_core::Digest;
   [1m[94m|[0m     [1m[33m^^^^^^^^^^^^^^^^^^[0m
   [1m[94m|[0m
[1m[96mhelp[0m: if this is a test module, consider adding a `#[cfg(test)]` to the containing module
  [1m[94m--> [0mcrates/razel-cli/src/lib.rs:31:1
   [1m[94m|[0m
[1m[94m31[0m [1m[94m|[0m mod tests;
   [1m[94m|[0m [1m[96m^^^^^^^^^^[0m

[1m[33mwarning[0m[1m: unused import: `Server`[0m
  [1m[94m--> [0mcrates/razel-cli/src/tests.rs:28:31
   [1m[94m|[0m
[1m[94m28[0m [1m[94m|[0m use razel_daemon::rpc::{self, Server};
   [1m[94m|[0m                               [1m[33m^^^^^^[0m
   [1m[94m|[0m
[1m[96mhelp[0m: if this is a test module, consider adding a `#[cfg(test)]` to the containing module
  [1m[94m--> [0mcrates/razel-cli/src/lib.rs:31:1
   [1m[94m|[0m
[1m[94m31[0m [1m[94m|[0m mod tests;
   [1m[94m|[0m [1m[96m^^^^^^^^^^[0m

[1m[33mwarning[0m[1m: unused import: `razel_exec::Cache`[0m
  [1m[94m--> [0mcrates/razel-cli/src/tests.rs:29:5
   [1m[94m|[0m
[1m[94m29[0m [1m[94m|[0m use razel_exec::Cache;
   [1m[94m|[0m     [1m[33m^^^^^^^^^^^^^^^^^[0m
   [1m[94m|[0m
[1m[96mhelp[0m: if this is a test module, consider adding a `#[cfg(test)]` to the containing module
  [1m[94m--> [0mcrates/razel-cli/src/lib.rs:31:1
   [1m[94m|[0m
[1m[94m31[0m [1m[94m|[0m mod tests;
   [1m[94m|[0m [1m[96m^^^^^^^^^^[0m

[1m[33mwarning[0m[1m: unused imports: `BuildState`, `ImpactSet`, `InvocationEvent`, and `OutputArtifact`[0m
  [1m[94m--> [0mcrates/razel-cli/src/tests.rs:31:18
   [1m[94m|[0m
[1m[94m31[0m [1m[94m|[0m     BuildResult, BuildState, BuildStatus, Hello, ImpactSet, InvocationEvent, OutputArtifact,
   [1m[94m|[0m                  [1m[33m^^^^^^^^^^[0m                      [1m[33m^^^^^^^^^[0m  [1m[33m^^^^^^^^^^^^^^^[0m  [1m[33m^^^^^^^^^^^^^^[0m
   [1m[94m|[0m
[1m[96mhelp[0m: if this is a test module, consider adding a `#[cfg(test)]` to the containing module
  [1m[94m--> [0mcrates/razel-cli/src/lib.rs:31:1
   [1m[94m|[0m
[1m[94m31[0m [1m[94m|[0m mod tests;
   [1m[94m|[0m [1m[96m^^^^^^^^^^[0m

[1m[33mwarning[0m[1m: unused import: `PathBuf`[0m
  [1m[94m--> [0mcrates/razel-cli/src/tests.rs:34:23
   [1m[94m|[0m
[1m[94m34[0m [1m[94m|[0m use std::path::{Path, PathBuf};
   [1m[94m|[0m                       [1m[33m^^^^^^^[0m
   [1m[94m|[0m
[1m[96mhelp[0m: if this is a test module, consider adding a `#[cfg(test)]` to the containing module
  [1m[94m--> [0mcrates/razel-cli/src/lib.rs:31:1
   [1m[94m|[0m
[1m[94m31[0m [1m[94m|[0m mod tests;
   [1m[94m|[0m [1m[96m^^^^^^^^^^[0m

[1m[33mwarning[0m[1m: unused import: `bazel_build_compat_env`[0m
  [1m[94m--> [0mcrates/razel-cli/src/tests.rs:41:37
   [1m[94m|[0m
[1m[94m41[0m [1m[94m|[0m use razel_build::args::{self, Opts, bazel_build_compat_env, default_socket};
   [1m[94m|[0m                                     [1m[33m^^^^^^^^^^^^^^^^^^^^^^[0m
   [1m[94m|[0m
[1m[96mhelp[0m: if this is a test module, consider adding a `#[cfg(test)]` to the containing module
  [1m[94m--> [0mcrates/razel-cli/src/lib.rs:31:1
   [1m[94m|[0m
[1m[94m31[0m [1m[94m|[0m mod tests;
   [1m[94m|[0m [1m[96m^^^^^^^^^^[0m

[1m[33mwarning[0m[1m: unused imports: `GlobalFlags`, `build_workspace_with`, `config_segment`, `convenience_symlinks`, and `resolve_build_file`[0m
  [1m[94m--> [0mcrates/razel-cli/src/flag_mapping_tests.rs:25:5
   [1m[94m|[0m
[1m[94m25[0m [1m[94m|[0m     GlobalFlags, build_workspace_with, config_segment, convenience_symlinks, resolve_build_file,
   [1m[94m|[0m     [1m[33m^^^^^^^^^^^[0m  [1m[33m^^^^^^^^^^^^^^^^^^^^[0m  [1m[33m^^^^^^^^^^^^^^[0m  [1m[33m^^^^^^^^^^^^^^^^^^^^[0m  [1m[33m^^^^^^^^^^^^^^^^^^[0m
   [1m[94m|[0m
[1m[96mhelp[0m: if this is a test module, consider adding a `#[cfg(test)]` to the containing module
  [1m[94m--> [0mcrates/razel-cli/src/lib.rs:33:1
   [1m[94m|[0m
[1m[94m33[0m [1m[94m|[0m mod flag_mapping_tests;
   [1m[94m|[0m [1m[96m^^^^^^^^^^^^^^^^^^^^^^^[0m

[1m[33mwarning[0m[1m: unused import: `razel_core::Digest`[0m
  [1m[94m--> [0mcrates/razel-cli/src/flag_mapping_tests.rs:27:5
   [1m[94m|[0m
[1m[94m27[0m [1m[94m|[0m use razel_core::Digest;
   [1m[94m|[0m     [1m[33m^^^^^^^^^^^^^^^^^^[0m
   [1m[94m|[0m
[1m[96mhelp[0m: if this is a test module, consider adding a `#[cfg(test)]` to the containing module
  [1m[94m--> [0mcrates/razel-cli/src/lib.rs:33:1
   [1m[94m|[0m
[1m[94m33[0m [1m[94m|[0m mod flag_mapping_tests;
   [1m[94m|[0m [1m[96m^^^^^^^^^^^^^^^^^^^^^^^[0m

[1m[33mwarning[0m[1m: unused imports: `Server` and `self`[0m
  [1m[94m--> [0mcrates/razel-cli/src/flag_mapping_tests.rs:28:25
   [1m[94m|[0m
[1m[94m28[0m [1m[94m|[0m use razel_daemon::rpc::{self, Server};
   [1m[94m|[0m                         [1m[33m^^^^[0m  [1m[33m^^^^^^[0m
   [1m[94m|[0m
[1m[96mhelp[0m: if this is a test module, consider adding a `#[cfg(test)]` to the containing module
  [1m[94m--> [0mcrates/razel-cli/src/lib.rs:33:1
   [1m[94m|[0m
[1m[94m33[0m [1m[94m|[0m mod flag_mapping_tests;
   [1m[94m|[0m [1m[96m^^^^^^^^^^^^^^^^^^^^^^^[0m

[1m[33mwarning[0m[1m: unused import: `razel_exec::Cache`[0m
  [1m[94m--> [0mcrates/razel-cli/src/flag_mapping_tests.rs:29:5
   [1m[94m|[0m
[1m[94m29[0m [1m[94m|[0m use razel_exec::Cache;
   [1m[94m|[0m     [1m[33m^^^^^^^^^^^^^^^^^[0m
   [1m[94m|[0m
[1m[96mhelp[0m: if this is a test module, consider adding a `#[cfg(test)]` to the containing module
  [1m[94m--> [0mcrates/razel-cli/src/lib.rs:33:1
   [1m[94m|[0m
[1m[94m33[0m [1m[94m|[0m mod flag_mapping_tests;
   [1m[94m|[0m [1m[96m^^^^^^^^^^^^^^^^^^^^^^^[0m

[1m[33mwarning[0m[1m: unused imports: `BuildResult`, `BuildState`, `BuildStatus`, `Hello`, `ImpactSet`, `InvocationEvent`, `OutputArtifact`, `VersionInfo`, and `encode`[0m
  [1m[94m--> [0mcrates/razel-cli/src/flag_mapping_tests.rs:31:5
   [1m[94m|[0m
[1m[94m31[0m [1m[94m|[0m     BuildResult, BuildState, BuildStatus, Hello, ImpactSet, InvocationEvent, OutputArtifact,
   [1m[94m|[0m     [1m[33m^^^^^^^^^^^[0m  [1m[33m^^^^^^^^^^[0m  [1m[33m^^^^^^^^^^^[0m  [1m[33m^^^^^[0m  [1m[33m^^^^^^^^^[0m  [1m[33m^^^^^^^^^^^^^^^[0m  [1m[33m^^^^^^^^^^^^^^[0m
[1m[94m32[0m [1m[94m|[0m     VersionInfo, encode,
   [1m[94m|[0m     [1m[33m^^^^^^^^^^^[0m  [1m[33m^^^^^^[0m
   [1m[94m|[0m
[1m[96mhelp[0m: if this is a test module, consider adding a `#[cfg(test)]` to the containing module
  [1m[94m--> [0mcrates/razel-cli/src/lib.rs:33:1
   [1m[94m|[0m
[1m[94m33[0m [1m[94m|[0m mod flag_mapping_tests;
   [1m[94m|[0m [1m[96m^^^^^^^^^^^^^^^^^^^^^^^[0m

[1m[33mwarning[0m[1m: unused imports: `PathBuf` and `Path`[0m
  [1m[94m--> [0mcrates/razel-cli/src/flag_mapping_tests.rs:34:17
   [1m[94m|[0m
[1m[94m34[0m [1m[94m|[0m use std::path::{Path, PathBuf};
   [1m[94m|[0m                 [1m[33m^^^^[0m  [1m[33m^^^^^^^[0m
   [1m[94m|[0m
[1m[96mhelp[0m: if this is a test module, consider adding a `#[cfg(test)]` to the containing module
  [1m[94m--> [0mcrates/razel-cli/src/lib.rs:33:1
   [1m[94m|[0m
[1m[94m33[0m [1m[94m|[0m mod flag_mapping_tests;
   [1m[94m|[0m [1m[96m^^^^^^^^^^^^^^^^^^^^^^^[0m

[1m[33mwarning[0m[1m: unused import: `std::process::ExitCode`[0m
  [1m[94m--> [0mcrates/razel-cli/src/flag_mapping_tests.rs:35:5
   [1m[94m|[0m
[1m[94m35[0m [1m[94m|[0m use std::process::ExitCode;
   [1m[94m|[0m     [1m[33m^^^^^^^^^^^^^^^^^^^^^^[0m
   [1m[94m|[0m
[1m[96mhelp[0m: if this is a test module, consider adding a `#[cfg(test)]` to the containing module
  [1m[94m--> [0mcrates/razel-cli/src/lib.rs:33:1
   [1m[94m|[0m
[1m[94m33[0m [1m[94m|[0m mod flag_mapping_tests;
   [1m[94m|[0m [1m[96m^^^^^^^^^^^^^^^^^^^^^^^[0m

[1m[33mwarning[0m[1m: unused imports: `Opts`, `bazel_build_compat_env`, `default_socket`, and `self`[0m
  [1m[94m--> [0mcrates/razel-cli/src/flag_mapping_tests.rs:41:25
   [1m[94m|[0m
[1m[94m41[0m [1m[94m|[0m use razel_build::args::{self, Opts, bazel_build_compat_env, default_socket};
   [1m[94m|[0m                         [1m[33m^^^^[0m  [1m[33m^^^^[0m  [1m[33m^^^^^^^^^^^^^^^^^^^^^^[0m  [1m[33m^^^^^^^^^^^^^^[0m
   [1m[94m|[0m
[1m[96mhelp[0m: if this is a test module, consider adding a `#[cfg(test)]` to the containing module
  [1m[94m--> [0mcrates/razel-cli/src/lib.rs:33:1
   [1m[94m|[0m
[1m[94m33[0m [1m[94m|[0m mod flag_mapping_tests;
   [1m[94m|[0m [1m[96m^^^^^^^^^^^^^^^^^^^^^^^[0m

[1m[33mwarning[0m[1m: unused import: `crate::*`[0m
  [1m[94m--> [0mcrates/razel-cli/src/flag_mapping_tests.rs:44:5
   [1m[94m|[0m
[1m[94m44[0m [1m[94m|[0m use crate::*;
   [1m[94m|[0m     [1m[33m^^^^^^^^[0m
   [1m[94m|[0m
[1m[96mhelp[0m: if this is a test module, consider adding a `#[cfg(test)]` to the containing module
  [1m[94m--> [0mcrates/razel-cli/src/lib.rs:33:1
   [1m[94m|[0m
[1m[94m33[0m [1m[94m|[0m mod flag_mapping_tests;
   [1m[94m|[0m [1m[96m^^^^^^^^^^^^^^^^^^^^^^^[0m

[1m[33mwarning[0m[1m: 16 warnings emitted[0m

razel daemon: serving /Users/owebeeone/limbo/glial-dev/razel on /Users/owebeeone/limbo/glial-dev/razel/.razel-daemon.sock
razel daemon: serving /Users/owebeeone/limbo/glial-dev/razel on /Users/owebeeone/limbo/glial-dev/razel/.razel-daemon.sock
razel daemon: serving /Users/owebeeone/limbo/glial-dev/razel on /Users/owebeeone/limbo/glial-dev/razel/.razel-daemon.sock
razel daemon: serving /Users/owebeeone/limbo/glial-dev/razel on /Users/owebeeone/limbo/glial-dev/razel/.razel-daemon.sock
razel daemon: serving /Users/owebeeone/limbo/glial-dev/razel on /Users/owebeeone/limbo/glial-dev/razel/.razel-daemon.sock
razel daemon: serving /Users/owebeeone/limbo/glial-dev/razel on /Users/owebeeone/limbo/glial-dev/razel/.razel-daemon.sock
razel daemon: serving /Users/owebeeone/limbo/glial-dev/razel on /Users/owebeeone/limbo/glial-dev/razel/.razel-daemon.sock
[1m[33mwarning[0m[1m: unused imports: `unpack_strs` and `unpack`[0m
 [1m[94m--> [0mcrates/razel-loading/src/native_cc.rs:8:21
  [1m[94m|[0m
[1m[94m8[0m [1m[94m|[0m use crate::values::{unpack, unpack_strs};
  [1m[94m|[0m                     [1m[33m^^^^^^[0m  [1m[33m^^^^^^^^^^^[0m
  [1m[94m|[0m
  [1m[94m= [0m[1mnote[0m: `#[warn(unused_imports)]` (part of `#[warn(unused)]`) on by default

[1m[33mwarning[0m[1m: unused import: `starlark::values::list::UnpackList`[0m
  [1m[94m--> [0mcrates/razel-loading/src/native_cc.rs:12:5
   [1m[94m|[0m
[1m[94m12[0m [1m[94m|[0m use starlark::values::list::UnpackList;
   [1m[94m|[0m     [1m[33m^^^^^^^^^^^^^^^^^^^^^^^^^^^^^^^^^^[0m

[1m[33mwarning[0m[1m: unused import: `Module`[0m
  [1m[94m--> [0mcrates/razel-loading/src/fetch.rs:11:45
   [1m[94m|[0m
[1m[94m11[0m [1m[94m|[0m use starlark::environment::{GlobalsBuilder, Module};
   [1m[94m|[0m                                             [1m[33m^^^^^^[0m

[1m[33mwarning[0m[1m: unused imports: `AstModule` and `Dialect`[0m
  [1m[94m--> [0mcrates/razel-loading/src/fetch.rs:14:24
   [1m[94m|[0m
[1m[94m14[0m [1m[94m|[0m use starlark::syntax::{AstModule, Dialect};
   [1m[94m|[0m                        [1m[33m^^^^^^^^^[0m  [1m[33m^^^^^^^[0m

[1m[33mwarning[0m[1m: unused imports: `unpack_strs_any` and `unpack`[0m
  [1m[94m--> [0mcrates/razel-loading/src/py_rules.rs:17:21
   [1m[94m|[0m
[1m[94m17[0m [1m[94m|[0m use crate::values::{unpack, unpack_strs_any};
   [1m[94m|[0m                     [1m[33m^^^^^^[0m  [1m[33m^^^^^^^^^^^^^^^[0m

[1m[33mwarning[0m[1m: unused import: `starlark::values::list::UnpackList`[0m
  [1m[94m--> [0mcrates/razel-loading/src/py_rules.rs:23:5
   [1m[94m|[0m
[1m[94m23[0m [1m[94m|[0m use starlark::values::list::UnpackList;
   [1m[94m|[0m     [1m[33m^^^^^^^^^^^^^^^^^^^^^^^^^^^^^^^^^^[0m

[1m[33mwarning[0m[1m: unused import: `unpack`[0m
  [1m[94m--> [0mcrates/razel-loading/src/sh_rules.rs:13:21
   [1m[94m|[0m
[1m[94m13[0m [1m[94m|[0m use crate::values::{unpack, unpack_strs};
   [1m[94m|[0m                     [1m[33m^^^^^^[0m

[1m[33mwarning[0m[1m: function `unpack` is never used[0m
   [1m[94m--> [0mcrates/razel-loading/src/values.rs:720:15
    [1m[94m|[0m
[1m[94m720[0m [1m[94m|[0m pub(crate) fn unpack(list: Option<UnpackList<String>>) -> Vec<String> {
    [1m[94m|[0m               [1m[33m^^^^^^[0m
    [1m[94m|[0m
    [1m[94m= [0m[1mnote[0m: `#[warn(dead_code)]` (part of `#[warn(unused)]`) on by default

[1m[33mwarning[0m[1m: 8 warnings emitted[0m

[1m[33mwarning[0m[1m: unused imports: `build_workspace_with`, `config_segment`, and `resolve_build_file`[0m
  [1m[94m--> [0mcrates/razel-cli/src/tests.rs:25:18
   [1m[94m|[0m
[1m[94m25[0m [1m[94m|[0m     GlobalFlags, build_workspace_with, config_segment, convenience_symlinks, resolve_build_file,
   [1m[94m|[0m                  [1m[33m^^^^^^^^^^^^^^^^^^^^[0m  [1m[33m^^^^^^^^^^^^^^[0m                        [1m[33m^^^^^^^^^^^^^^^^^^[0m
   [1m[94m|[0m
[1m[96mhelp[0m: if this is a test module, consider adding a `#[cfg(test)]` to the containing module
  [1m[94m--> [0mcrates/razel-cli/src/lib.rs:31:1
   [1m[94m|[0m
[1m[94m31[0m [1m[94m|[0m mod tests;
   [1m[94m|[0m [1m[96m^^^^^^^^^^[0m
   [1m[94m= [0m[1mnote[0m: `#[warn(unused_imports)]` (part of `#[warn(unused)]`) on by default

[1m[33mwarning[0m[1m: unused import: `razel_core::Digest`[0m
  [1m[94m--> [0mcrates/razel-cli/src/tests.rs:27:5
   [1m[94m|[0m
[1m[94m27[0m [1m[94m|[0m use razel_core::Digest;
   [1m[94m|[0m     [1m[33m^^^^^^^^^^^^^^^^^^[0m
   [1m[94m|[0m
[1m[96mhelp[0m: if this is a test module, consider adding a `#[cfg(test)]` to the containing module
  [1m[94m--> [0mcrates/razel-cli/src/lib.rs:31:1
   [1m[94m|[0m
[1m[94m31[0m [1m[94m|[0m mod tests;
   [1m[94m|[0m [1m[96m^^^^^^^^^^[0m

[1m[33mwarning[0m[1m: unused import: `Server`[0m
  [1m[94m--> [0mcrates/razel-cli/src/tests.rs:28:31
   [1m[94m|[0m
[1m[94m28[0m [1m[94m|[0m use razel_daemon::rpc::{self, Server};
   [1m[94m|[0m                               [1m[33m^^^^^^[0m
   [1m[94m|[0m
[1m[96mhelp[0m: if this is a test module, consider adding a `#[cfg(test)]` to the containing module
  [1m[94m--> [0mcrates/razel-cli/src/lib.rs:31:1
   [1m[94m|[0m
[1m[94m31[0m [1m[94m|[0m mod tests;
   [1m[94m|[0m [1m[96m^^^^^^^^^^[0m

[1m[33mwarning[0m[1m: unused import: `razel_exec::Cache`[0m
  [1m[94m--> [0mcrates/razel-cli/src/tests.rs:29:5
   [1m[94m|[0m
[1m[94m29[0m [1m[94m|[0m use razel_exec::Cache;
   [1m[94m|[0m     [1m[33m^^^^^^^^^^^^^^^^^[0m
   [1m[94m|[0m
[1m[96mhelp[0m: if this is a test module, consider adding a `#[cfg(test)]` to the containing module
  [1m[94m--> [0mcrates/razel-cli/src/lib.rs:31:1
   [1m[94m|[0m
[1m[94m31[0m [1m[94m|[0m mod tests;
   [1m[94m|[0m [1m[96m^^^^^^^^^^[0m

[1m[33mwarning[0m[1m: unused imports: `BuildState`, `ImpactSet`, `InvocationEvent`, and `OutputArtifact`[0m
  [1m[94m--> [0mcrates/razel-cli/src/tests.rs:31:18
   [1m[94m|[0m
[1m[94m31[0m [1m[94m|[0m     BuildResult, BuildState, BuildStatus, Hello, ImpactSet, InvocationEvent, OutputArtifact,
   [1m[94m|[0m                  [1m[33m^^^^^^^^^^[0m                      [1m[33m^^^^^^^^^[0m  [1m[33m^^^^^^^^^^^^^^^[0m  [1m[33m^^^^^^^^^^^^^^[0m
   [1m[94m|[0m
[1m[96mhelp[0m: if this is a test module, consider adding a `#[cfg(test)]` to the containing module
  [1m[94m--> [0mcrates/razel-cli/src/lib.rs:31:1
   [1m[94m|[0m
[1m[94m31[0m [1m[94m|[0m mod tests;
   [1m[94m|[0m [1m[96m^^^^^^^^^^[0m

[1m[33mwarning[0m[1m: unused import: `PathBuf`[0m
  [1m[94m--> [0mcrates/razel-cli/src/tests.rs:34:23
   [1m[94m|[0m
[1m[94m34[0m [1m[94m|[0m use std::path::{Path, PathBuf};
   [1m[94m|[0m                       [1m[33m^^^^^^^[0m
   [1m[94m|[0m
[1m[96mhelp[0m: if this is a test module, consider adding a `#[cfg(test)]` to the containing module
  [1m[94m--> [0mcrates/razel-cli/src/lib.rs:31:1
   [1m[94m|[0m
[1m[94m31[0m [1m[94m|[0m mod tests;
   [1m[94m|[0m [1m[96m^^^^^^^^^^[0m

[1m[33mwarning[0m[1m: unused import: `bazel_build_compat_env`[0m
  [1m[94m--> [0mcrates/razel-cli/src/tests.rs:41:37
   [1m[94m|[0m
[1m[94m41[0m [1m[94m|[0m use razel_build::args::{self, Opts, bazel_build_compat_env, default_socket};
   [1m[94m|[0m                                     [1m[33m^^^^^^^^^^^^^^^^^^^^^^[0m
   [1m[94m|[0m
[1m[96mhelp[0m: if this is a test module, consider adding a `#[cfg(test)]` to the containing module
  [1m[94m--> [0mcrates/razel-cli/src/lib.rs:31:1
   [1m[94m|[0m
[1m[94m31[0m [1m[94m|[0m mod tests;
   [1m[94m|[0m [1m[96m^^^^^^^^^^[0m

[1m[33mwarning[0m[1m: unused imports: `GlobalFlags`, `build_workspace_with`, `config_segment`, `convenience_symlinks`, and `resolve_build_file`[0m
  [1m[94m--> [0mcrates/razel-cli/src/flag_mapping_tests.rs:25:5
   [1m[94m|[0m
[1m[94m25[0m [1m[94m|[0m     GlobalFlags, build_workspace_with, config_segment, convenience_symlinks, resolve_build_file,
   [1m[94m|[0m     [1m[33m^^^^^^^^^^^[0m  [1m[33m^^^^^^^^^^^^^^^^^^^^[0m  [1m[33m^^^^^^^^^^^^^^[0m  [1m[33m^^^^^^^^^^^^^^^^^^^^[0m  [1m[33m^^^^^^^^^^^^^^^^^^[0m
   [1m[94m|[0m
[1m[96mhelp[0m: if this is a test module, consider adding a `#[cfg(test)]` to the containing module
  [1m[94m--> [0mcrates/razel-cli/src/lib.rs:33:1
   [1m[94m|[0m
[1m[94m33[0m [1m[94m|[0m mod flag_mapping_tests;
   [1m[94m|[0m [1m[96m^^^^^^^^^^^^^^^^^^^^^^^[0m

[1m[33mwarning[0m[1m: unused import: `razel_core::Digest`[0m
  [1m[94m--> [0mcrates/razel-cli/src/flag_mapping_tests.rs:27:5
   [1m[94m|[0m
[1m[94m27[0m [1m[94m|[0m use razel_core::Digest;
   [1m[94m|[0m     [1m[33m^^^^^^^^^^^^^^^^^^[0m
   [1m[94m|[0m
[1m[96mhelp[0m: if this is a test module, consider adding a `#[cfg(test)]` to the containing module
  [1m[94m--> [0mcrates/razel-cli/src/lib.rs:33:1
   [1m[94m|[0m
[1m[94m33[0m [1m[94m|[0m mod flag_mapping_tests;
   [1m[94m|[0m [1m[96m^^^^^^^^^^^^^^^^^^^^^^^[0m

[1m[33mwarning[0m[1m: unused imports: `Server` and `self`[0m
  [1m[94m--> [0mcrates/razel-cli/src/flag_mapping_tests.rs:28:25
   [1m[94m|[0m
[1m[94m28[0m [1m[94m|[0m use razel_daemon::rpc::{self, Server};
   [1m[94m|[0m                         [1m[33m^^^^[0m  [1m[33m^^^^^^[0m
   [1m[94m|[0m
[1m[96mhelp[0m: if this is a test module, consider adding a `#[cfg(test)]` to the containing module
  [1m[94m--> [0mcrates/razel-cli/src/lib.rs:33:1
   [1m[94m|[0m
[1m[94m33[0m [1m[94m|[0m mod flag_mapping_tests;
   [1m[94m|[0m [1m[96m^^^^^^^^^^^^^^^^^^^^^^^[0m

[1m[33mwarning[0m[1m: unused import: `razel_exec::Cache`[0m
  [1m[94m--> [0mcrates/razel-cli/src/flag_mapping_tests.rs:29:5
   [1m[94m|[0m
[1m[94m29[0m [1m[94m|[0m use razel_exec::Cache;
   [1m[94m|[0m     [1m[33m^^^^^^^^^^^^^^^^^[0m
   [1m[94m|[0m
[1m[96mhelp[0m: if this is a test module, consider adding a `#[cfg(test)]` to the containing module
  [1m[94m--> [0mcrates/razel-cli/src/lib.rs:33:1
   [1m[94m|[0m
[1m[94m33[0m [1m[94m|[0m mod flag_mapping_tests;
   [1m[94m|[0m [1m[96m^^^^^^^^^^^^^^^^^^^^^^^[0m

[1m[33mwarning[0m[1m: unused imports: `BuildResult`, `BuildState`, `BuildStatus`, `Hello`, `ImpactSet`, `InvocationEvent`, `OutputArtifact`, `VersionInfo`, and `encode`[0m
  [1m[94m--> [0mcrates/razel-cli/src/flag_mapping_tests.rs:31:5
   [1m[94m|[0m
[1m[94m31[0m [1m[94m|[0m     BuildResult, BuildState, BuildStatus, Hello, ImpactSet, InvocationEvent, OutputArtifact,
   [1m[94m|[0m     [1m[33m^^^^^^^^^^^[0m  [1m[33m^^^^^^^^^^[0m  [1m[33m^^^^^^^^^^^[0m  [1m[33m^^^^^[0m  [1m[33m^^^^^^^^^[0m  [1m[33m^^^^^^^^^^^^^^^[0m  [1m[33m^^^^^^^^^^^^^^[0m
[1m[94m32[0m [1m[94m|[0m     VersionInfo, encode,
   [1m[94m|[0m     [1m[33m^^^^^^^^^^^[0m  [1m[33m^^^^^^[0m
   [1m[94m|[0m
[1m[96mhelp[0m: if this is a test module, consider adding a `#[cfg(test)]` to the containing module
  [1m[94m--> [0mcrates/razel-cli/src/lib.rs:33:1
   [1m[94m|[0m
[1m[94m33[0m [1m[94m|[0m mod flag_mapping_tests;
   [1m[94m|[0m [1m[96m^^^^^^^^^^^^^^^^^^^^^^^[0m

[1m[33mwarning[0m[1m: unused imports: `PathBuf` and `Path`[0m
  [1m[94m--> [0mcrates/razel-cli/src/flag_mapping_tests.rs:34:17
   [1m[94m|[0m
[1m[94m34[0m [1m[94m|[0m use std::path::{Path, PathBuf};
   [1m[94m|[0m                 [1m[33m^^^^[0m  [1m[33m^^^^^^^[0m
   [1m[94m|[0m
[1m[96mhelp[0m: if this is a test module, consider adding a `#[cfg(test)]` to the containing module
  [1m[94m--> [0mcrates/razel-cli/src/lib.rs:33:1
   [1m[94m|[0m
[1m[94m33[0m [1m[94m|[0m mod flag_mapping_tests;
   [1m[94m|[0m [1m[96m^^^^^^^^^^^^^^^^^^^^^^^[0m

[1m[33mwarning[0m[1m: unused import: `std::process::ExitCode`[0m
  [1m[94m--> [0mcrates/razel-cli/src/flag_mapping_tests.rs:35:5
   [1m[94m|[0m
[1m[94m35[0m [1m[94m|[0m use std::process::ExitCode;
   [1m[94m|[0m     [1m[33m^^^^^^^^^^^^^^^^^^^^^^[0m
   [1m[94m|[0m
[1m[96mhelp[0m: if this is a test module, consider adding a `#[cfg(test)]` to the containing module
  [1m[94m--> [0mcrates/razel-cli/src/lib.rs:33:1
   [1m[94m|[0m
[1m[94m33[0m [1m[94m|[0m mod flag_mapping_tests;
   [1m[94m|[0m [1m[96m^^^^^^^^^^^^^^^^^^^^^^^[0m

[1m[33mwarning[0m[1m: unused imports: `Opts`, `bazel_build_compat_env`, `default_socket`, and `self`[0m
  [1m[94m--> [0mcrates/razel-cli/src/flag_mapping_tests.rs:41:25
   [1m[94m|[0m
[1m[94m41[0m [1m[94m|[0m use razel_build::args::{self, Opts, bazel_build_compat_env, default_socket};
   [1m[94m|[0m                         [1m[33m^^^^[0m  [1m[33m^^^^[0m  [1m[33m^^^^^^^^^^^^^^^^^^^^^^[0m  [1m[33m^^^^^^^^^^^^^^[0m
   [1m[94m|[0m
[1m[96mhelp[0m: if this is a test module, consider adding a `#[cfg(test)]` to the containing module
  [1m[94m--> [0mcrates/razel-cli/src/lib.rs:33:1
   [1m[94m|[0m
[1m[94m33[0m [1m[94m|[0m mod flag_mapping_tests;
   [1m[94m|[0m [1m[96m^^^^^^^^^^^^^^^^^^^^^^^[0m

[1m[33mwarning[0m[1m: unused import: `crate::*`[0m
  [1m[94m--> [0mcrates/razel-cli/src/flag_mapping_tests.rs:44:5
   [1m[94m|[0m
[1m[94m44[0m [1m[94m|[0m use crate::*;
   [1m[94m|[0m     [1m[33m^^^^^^^^[0m
   [1m[94m|[0m
[1m[96mhelp[0m: if this is a test module, consider adding a `#[cfg(test)]` to the containing module
  [1m[94m--> [0mcrates/razel-cli/src/lib.rs:33:1
   [1m[94m|[0m
[1m[94m33[0m [1m[94m|[0m mod flag_mapping_tests;
   [1m[94m|[0m [1m[96m^^^^^^^^^^^^^^^^^^^^^^^[0m

[1m[33mwarning[0m[1m: 16 warnings emitted[0m

razel daemon: serving /Users/owebeeone/limbo/glial-dev/razel on /Users/owebeeone/limbo/glial-dev/razel/.razel-daemon.sock
[1m[33mwarning[0m[1m: unused imports: `unpack_strs` and `unpack`[0m
 [1m[94m--> [0mcrates/razel-loading/src/native_cc.rs:8:21
  [1m[94m|[0m
[1m[94m8[0m [1m[94m|[0m use crate::values::{unpack, unpack_strs};
  [1m[94m|[0m                     [1m[33m^^^^^^[0m  [1m[33m^^^^^^^^^^^[0m
  [1m[94m|[0m
  [1m[94m= [0m[1mnote[0m: `#[warn(unused_imports)]` (part of `#[warn(unused)]`) on by default

[1m[33mwarning[0m[1m: unused import: `starlark::values::list::UnpackList`[0m
  [1m[94m--> [0mcrates/razel-loading/src/native_cc.rs:12:5
   [1m[94m|[0m
[1m[94m12[0m [1m[94m|[0m use starlark::values::list::UnpackList;
   [1m[94m|[0m     [1m[33m^^^^^^^^^^^^^^^^^^^^^^^^^^^^^^^^^^[0m

[1m[33mwarning[0m[1m: unused import: `Module`[0m
  [1m[94m--> [0mcrates/razel-loading/src/fetch.rs:11:45
   [1m[94m|[0m
[1m[94m11[0m [1m[94m|[0m use starlark::environment::{GlobalsBuilder, Module};
   [1m[94m|[0m                                             [1m[33m^^^^^^[0m

[1m[33mwarning[0m[1m: unused imports: `AstModule` and `Dialect`[0m
  [1m[94m--> [0mcrates/razel-loading/src/fetch.rs:14:24
   [1m[94m|[0m
[1m[94m14[0m [1m[94m|[0m use starlark::syntax::{AstModule, Dialect};
   [1m[94m|[0m                        [1m[33m^^^^^^^^^[0m  [1m[33m^^^^^^^[0m

[1m[33mwarning[0m[1m: unused imports: `unpack_strs_any` and `unpack`[0m
  [1m[94m--> [0mcrates/razel-loading/src/py_rules.rs:17:21
   [1m[94m|[0m
[1m[94m17[0m [1m[94m|[0m use crate::values::{unpack, unpack_strs_any};
   [1m[94m|[0m                     [1m[33m^^^^^^[0m  [1m[33m^^^^^^^^^^^^^^^[0m

[1m[33mwarning[0m[1m: unused import: `starlark::values::list::UnpackList`[0m
  [1m[94m--> [0mcrates/razel-loading/src/py_rules.rs:23:5
   [1m[94m|[0m
[1m[94m23[0m [1m[94m|[0m use starlark::values::list::UnpackList;
   [1m[94m|[0m     [1m[33m^^^^^^^^^^^^^^^^^^^^^^^^^^^^^^^^^^[0m

[1m[33mwarning[0m[1m: unused import: `unpack`[0m
  [1m[94m--> [0mcrates/razel-loading/src/sh_rules.rs:13:21
   [1m[94m|[0m
[1m[94m13[0m [1m[94m|[0m use crate::values::{unpack, unpack_strs};
   [1m[94m|[0m                     [1m[33m^^^^^^[0m

[1m[33mwarning[0m[1m: function `unpack` is never used[0m
   [1m[94m--> [0mcrates/razel-loading/src/values.rs:720:15
    [1m[94m|[0m
[1m[94m720[0m [1m[94m|[0m pub(crate) fn unpack(list: Option<UnpackList<String>>) -> Vec<String> {
    [1m[94m|[0m               [1m[33m^^^^^^[0m
    [1m[94m|[0m
    [1m[94m= [0m[1mnote[0m: `#[warn(dead_code)]` (part of `#[warn(unused)]`) on by default

[1m[33mwarning[0m[1m: 8 warnings emitted[0m

[1m[33mwarning[0m[1m: unused imports: `build_workspace_with`, `config_segment`, and `resolve_build_file`[0m
  [1m[94m--> [0mcrates/razel-cli/src/tests.rs:25:18
   [1m[94m|[0m
[1m[94m25[0m [1m[94m|[0m     GlobalFlags, build_workspace_with, config_segment, convenience_symlinks, resolve_build_file,
   [1m[94m|[0m                  [1m[33m^^^^^^^^^^^^^^^^^^^^[0m  [1m[33m^^^^^^^^^^^^^^[0m                        [1m[33m^^^^^^^^^^^^^^^^^^[0m
   [1m[94m|[0m
[1m[96mhelp[0m: if this is a test module, consider adding a `#[cfg(test)]` to the containing module
  [1m[94m--> [0mcrates/razel-cli/src/lib.rs:31:1
   [1m[94m|[0m
[1m[94m31[0m [1m[94m|[0m mod tests;
   [1m[94m|[0m [1m[96m^^^^^^^^^^[0m
   [1m[94m= [0m[1mnote[0m: `#[warn(unused_imports)]` (part of `#[warn(unused)]`) on by default

[1m[33mwarning[0m[1m: unused import: `razel_core::Digest`[0m
  [1m[94m--> [0mcrates/razel-cli/src/tests.rs:27:5
   [1m[94m|[0m
[1m[94m27[0m [1m[94m|[0m use razel_core::Digest;
   [1m[94m|[0m     [1m[33m^^^^^^^^^^^^^^^^^^[0m
   [1m[94m|[0m
[1m[96mhelp[0m: if this is a test module, consider adding a `#[cfg(test)]` to the containing module
  [1m[94m--> [0mcrates/razel-cli/src/lib.rs:31:1
   [1m[94m|[0m
[1m[94m31[0m [1m[94m|[0m mod tests;
   [1m[94m|[0m [1m[96m^^^^^^^^^^[0m

[1m[33mwarning[0m[1m: unused import: `Server`[0m
  [1m[94m--> [0mcrates/razel-cli/src/tests.rs:28:31
   [1m[94m|[0m
[1m[94m28[0m [1m[94m|[0m use razel_daemon::rpc::{self, Server};
   [1m[94m|[0m                               [1m[33m^^^^^^[0m
   [1m[94m|[0m
[1m[96mhelp[0m: if this is a test module, consider adding a `#[cfg(test)]` to the containing module
  [1m[94m--> [0mcrates/razel-cli/src/lib.rs:31:1
   [1m[94m|[0m
[1m[94m31[0m [1m[94m|[0m mod tests;
   [1m[94m|[0m [1m[96m^^^^^^^^^^[0m

[1m[33mwarning[0m[1m: unused import: `razel_exec::Cache`[0m
  [1m[94m--> [0mcrates/razel-cli/src/tests.rs:29:5
   [1m[94m|[0m
[1m[94m29[0m [1m[94m|[0m use razel_exec::Cache;
   [1m[94m|[0m     [1m[33m^^^^^^^^^^^^^^^^^[0m
   [1m[94m|[0m
[1m[96mhelp[0m: if this is a test module, consider adding a `#[cfg(test)]` to the containing module
  [1m[94m--> [0mcrates/razel-cli/src/lib.rs:31:1
   [1m[94m|[0m
[1m[94m31[0m [1m[94m|[0m mod tests;
   [1m[94m|[0m [1m[96m^^^^^^^^^^[0m

[1m[33mwarning[0m[1m: unused imports: `BuildState`, `ImpactSet`, `InvocationEvent`, and `OutputArtifact`[0m
  [1m[94m--> [0mcrates/razel-cli/src/tests.rs:31:18
   [1m[94m|[0m
[1m[94m31[0m [1m[94m|[0m     BuildResult, BuildState, BuildStatus, Hello, ImpactSet, InvocationEvent, OutputArtifact,
   [1m[94m|[0m                  [1m[33m^^^^^^^^^^[0m                      [1m[33m^^^^^^^^^[0m  [1m[33m^^^^^^^^^^^^^^^[0m  [1m[33m^^^^^^^^^^^^^^[0m
   [1m[94m|[0m
[1m[96mhelp[0m: if this is a test module, consider adding a `#[cfg(test)]` to the containing module
  [1m[94m--> [0mcrates/razel-cli/src/lib.rs:31:1
   [1m[94m|[0m
[1m[94m31[0m [1m[94m|[0m mod tests;
   [1m[94m|[0m [1m[96m^^^^^^^^^^[0m

[1m[33mwarning[0m[1m: unused import: `PathBuf`[0m
  [1m[94m--> [0mcrates/razel-cli/src/tests.rs:34:23
   [1m[94m|[0m
[1m[94m34[0m [1m[94m|[0m use std::path::{Path, PathBuf};
   [1m[94m|[0m                       [1m[33m^^^^^^^[0m
   [1m[94m|[0m
[1m[96mhelp[0m: if this is a test module, consider adding a `#[cfg(test)]` to the containing module
  [1m[94m--> [0mcrates/razel-cli/src/lib.rs:31:1
   [1m[94m|[0m
[1m[94m31[0m [1m[94m|[0m mod tests;
   [1m[94m|[0m [1m[96m^^^^^^^^^^[0m

[1m[33mwarning[0m[1m: unused import: `bazel_build_compat_env`[0m
  [1m[94m--> [0mcrates/razel-cli/src/tests.rs:41:37
   [1m[94m|[0m
[1m[94m41[0m [1m[94m|[0m use razel_build::args::{self, Opts, bazel_build_compat_env, default_socket};
   [1m[94m|[0m                                     [1m[33m^^^^^^^^^^^^^^^^^^^^^^[0m
   [1m[94m|[0m
[1m[96mhelp[0m: if this is a test module, consider adding a `#[cfg(test)]` to the containing module
  [1m[94m--> [0mcrates/razel-cli/src/lib.rs:31:1
   [1m[94m|[0m
[1m[94m31[0m [1m[94m|[0m mod tests;
   [1m[94m|[0m [1m[96m^^^^^^^^^^[0m

[1m[33mwarning[0m[1m: unused imports: `GlobalFlags`, `build_workspace_with`, `config_segment`, `convenience_symlinks`, and `resolve_build_file`[0m
  [1m[94m--> [0mcrates/razel-cli/src/flag_mapping_tests.rs:25:5
   [1m[94m|[0m
[1m[94m25[0m [1m[94m|[0m     GlobalFlags, build_workspace_with, config_segment, convenience_symlinks, resolve_build_file,
   [1m[94m|[0m     [1m[33m^^^^^^^^^^^[0m  [1m[33m^^^^^^^^^^^^^^^^^^^^[0m  [1m[33m^^^^^^^^^^^^^^[0m  [1m[33m^^^^^^^^^^^^^^^^^^^^[0m  [1m[33m^^^^^^^^^^^^^^^^^^[0m
   [1m[94m|[0m
[1m[96mhelp[0m: if this is a test module, consider adding a `#[cfg(test)]` to the containing module
  [1m[94m--> [0mcrates/razel-cli/src/lib.rs:33:1
   [1m[94m|[0m
[1m[94m33[0m [1m[94m|[0m mod flag_mapping_tests;
   [1m[94m|[0m [1m[96m^^^^^^^^^^^^^^^^^^^^^^^[0m

[1m[33mwarning[0m[1m: unused import: `razel_core::Digest`[0m
  [1m[94m--> [0mcrates/razel-cli/src/flag_mapping_tests.rs:27:5
   [1m[94m|[0m
[1m[94m27[0m [1m[94m|[0m use razel_core::Digest;
   [1m[94m|[0m     [1m[33m^^^^^^^^^^^^^^^^^^[0m
   [1m[94m|[0m
[1m[96mhelp[0m: if this is a test module, consider adding a `#[cfg(test)]` to the containing module
  [1m[94m--> [0mcrates/razel-cli/src/lib.rs:33:1
   [1m[94m|[0m
[1m[94m33[0m [1m[94m|[0m mod flag_mapping_tests;
   [1m[94m|[0m [1m[96m^^^^^^^^^^^^^^^^^^^^^^^[0m

[1m[33mwarning[0m[1m: unused imports: `Server` and `self`[0m
  [1m[94m--> [0mcrates/razel-cli/src/flag_mapping_tests.rs:28:25
   [1m[94m|[0m
[1m[94m28[0m [1m[94m|[0m use razel_daemon::rpc::{self, Server};
   [1m[94m|[0m                         [1m[33m^^^^[0m  [1m[33m^^^^^^[0m
   [1m[94m|[0m
[1m[96mhelp[0m: if this is a test module, consider adding a `#[cfg(test)]` to the containing module
  [1m[94m--> [0mcrates/razel-cli/src/lib.rs:33:1
   [1m[94m|[0m
[1m[94m33[0m [1m[94m|[0m mod flag_mapping_tests;
   [1m[94m|[0m [1m[96m^^^^^^^^^^^^^^^^^^^^^^^[0m

[1m[33mwarning[0m[1m: unused import: `razel_exec::Cache`[0m
  [1m[94m--> [0mcrates/razel-cli/src/flag_mapping_tests.rs:29:5
   [1m[94m|[0m
[1m[94m29[0m [1m[94m|[0m use razel_exec::Cache;
   [1m[94m|[0m     [1m[33m^^^^^^^^^^^^^^^^^[0m
   [1m[94m|[0m
[1m[96mhelp[0m: if this is a test module, consider adding a `#[cfg(test)]` to the containing module
  [1m[94m--> [0mcrates/razel-cli/src/lib.rs:33:1
   [1m[94m|[0m
[1m[94m33[0m [1m[94m|[0m mod flag_mapping_tests;
   [1m[94m|[0m [1m[96m^^^^^^^^^^^^^^^^^^^^^^^[0m

[1m[33mwarning[0m[1m: unused imports: `BuildResult`, `BuildState`, `BuildStatus`, `Hello`, `ImpactSet`, `InvocationEvent`, `OutputArtifact`, `VersionInfo`, and `encode`[0m
  [1m[94m--> [0mcrates/razel-cli/src/flag_mapping_tests.rs:31:5
   [1m[94m|[0m
[1m[94m31[0m [1m[94m|[0m     BuildResult, BuildState, BuildStatus, Hello, ImpactSet, InvocationEvent, OutputArtifact,
   [1m[94m|[0m     [1m[33m^^^^^^^^^^^[0m  [1m[33m^^^^^^^^^^[0m  [1m[33m^^^^^^^^^^^[0m  [1m[33m^^^^^[0m  [1m[33m^^^^^^^^^[0m  [1m[33m^^^^^^^^^^^^^^^[0m  [1m[33m^^^^^^^^^^^^^^[0m
[1m[94m32[0m [1m[94m|[0m     VersionInfo, encode,
   [1m[94m|[0m     [1m[33m^^^^^^^^^^^[0m  [1m[33m^^^^^^[0m
   [1m[94m|[0m
[1m[96mhelp[0m: if this is a test module, consider adding a `#[cfg(test)]` to the containing module
  [1m[94m--> [0mcrates/razel-cli/src/lib.rs:33:1
   [1m[94m|[0m
[1m[94m33[0m [1m[94m|[0m mod flag_mapping_tests;
   [1m[94m|[0m [1m[96m^^^^^^^^^^^^^^^^^^^^^^^[0m

[1m[33mwarning[0m[1m: unused imports: `PathBuf` and `Path`[0m
  [1m[94m--> [0mcrates/razel-cli/src/flag_mapping_tests.rs:34:17
   [1m[94m|[0m
[1m[94m34[0m [1m[94m|[0m use std::path::{Path, PathBuf};
   [1m[94m|[0m                 [1m[33m^^^^[0m  [1m[33m^^^^^^^[0m
   [1m[94m|[0m
[1m[96mhelp[0m: if this is a test module, consider adding a `#[cfg(test)]` to the containing module
  [1m[94m--> [0mcrates/razel-cli/src/lib.rs:33:1
   [1m[94m|[0m
[1m[94m33[0m [1m[94m|[0m mod flag_mapping_tests;
   [1m[94m|[0m [1m[96m^^^^^^^^^^^^^^^^^^^^^^^[0m

[1m[33mwarning[0m[1m: unused import: `std::process::ExitCode`[0m
  [1m[94m--> [0mcrates/razel-cli/src/flag_mapping_tests.rs:35:5
   [1m[94m|[0m
[1m[94m35[0m [1m[94m|[0m use std::process::ExitCode;
   [1m[94m|[0m     [1m[33m^^^^^^^^^^^^^^^^^^^^^^[0m
   [1m[94m|[0m
[1m[96mhelp[0m: if this is a test module, consider adding a `#[cfg(test)]` to the containing module
  [1m[94m--> [0mcrates/razel-cli/src/lib.rs:33:1
   [1m[94m|[0m
[1m[94m33[0m [1m[94m|[0m mod flag_mapping_tests;
   [1m[94m|[0m [1m[96m^^^^^^^^^^^^^^^^^^^^^^^[0m

[1m[33mwarning[0m[1m: unused imports: `Opts`, `bazel_build_compat_env`, `default_socket`, and `self`[0m
  [1m[94m--> [0mcrates/razel-cli/src/flag_mapping_tests.rs:41:25
   [1m[94m|[0m
[1m[94m41[0m [1m[94m|[0m use razel_build::args::{self, Opts, bazel_build_compat_env, default_socket};
   [1m[94m|[0m                         [1m[33m^^^^[0m  [1m[33m^^^^[0m  [1m[33m^^^^^^^^^^^^^^^^^^^^^^[0m  [1m[33m^^^^^^^^^^^^^^[0m
   [1m[94m|[0m
[1m[96mhelp[0m: if this is a test module, consider adding a `#[cfg(test)]` to the containing module
  [1m[94m--> [0mcrates/razel-cli/src/lib.rs:33:1
   [1m[94m|[0m
[1m[94m33[0m [1m[94m|[0m mod flag_mapping_tests;
   [1m[94m|[0m [1m[96m^^^^^^^^^^^^^^^^^^^^^^^[0m

[1m[33mwarning[0m[1m: unused import: `crate::*`[0m
  [1m[94m--> [0mcrates/razel-cli/src/flag_mapping_tests.rs:44:5
   [1m[94m|[0m
[1m[94m44[0m [1m[94m|[0m use crate::*;
   [1m[94m|[0m     [1m[33m^^^^^^^^[0m
   [1m[94m|[0m
[1m[96mhelp[0m: if this is a test module, consider adding a `#[cfg(test)]` to the containing module
  [1m[94m--> [0mcrates/razel-cli/src/lib.rs:33:1
   [1m[94m|[0m
[1m[94m33[0m [1m[94m|[0m mod flag_mapping_tests;
   [1m[94m|[0m [1m[96m^^^^^^^^^^^^^^^^^^^^^^^[0m

[1m[33mwarning[0m[1m: 16 warnings emitted[0m

razel daemon: serving /Users/owebeeone/limbo/glial-dev/razel on /Users/owebeeone/limbo/glial-dev/razel/.razel-daemon.sock
[1m[33mwarning[0m[1m: unused imports: `unpack_strs` and `unpack`[0m
 [1m[94m--> [0mcrates/razel-loading/src/native_cc.rs:8:21
  [1m[94m|[0m
[1m[94m8[0m [1m[94m|[0m use crate::values::{unpack, unpack_strs};
  [1m[94m|[0m                     [1m[33m^^^^^^[0m  [1m[33m^^^^^^^^^^^[0m
  [1m[94m|[0m
  [1m[94m= [0m[1mnote[0m: `#[warn(unused_imports)]` (part of `#[warn(unused)]`) on by default

[1m[33mwarning[0m[1m: unused import: `starlark::values::list::UnpackList`[0m
  [1m[94m--> [0mcrates/razel-loading/src/native_cc.rs:12:5
   [1m[94m|[0m
[1m[94m12[0m [1m[94m|[0m use starlark::values::list::UnpackList;
   [1m[94m|[0m     [1m[33m^^^^^^^^^^^^^^^^^^^^^^^^^^^^^^^^^^[0m

[1m[33mwarning[0m[1m: unused import: `Module`[0m
  [1m[94m--> [0mcrates/razel-loading/src/fetch.rs:11:45
   [1m[94m|[0m
[1m[94m11[0m [1m[94m|[0m use starlark::environment::{GlobalsBuilder, Module};
   [1m[94m|[0m                                             [1m[33m^^^^^^[0m

[1m[33mwarning[0m[1m: unused imports: `AstModule` and `Dialect`[0m
  [1m[94m--> [0mcrates/razel-loading/src/fetch.rs:14:24
   [1m[94m|[0m
[1m[94m14[0m [1m[94m|[0m use starlark::syntax::{AstModule, Dialect};
   [1m[94m|[0m                        [1m[33m^^^^^^^^^[0m  [1m[33m^^^^^^^[0m

[1m[33mwarning[0m[1m: unused imports: `unpack_strs_any` and `unpack`[0m
  [1m[94m--> [0mcrates/razel-loading/src/py_rules.rs:17:21
   [1m[94m|[0m
[1m[94m17[0m [1m[94m|[0m use crate::values::{unpack, unpack_strs_any};
   [1m[94m|[0m                     [1m[33m^^^^^^[0m  [1m[33m^^^^^^^^^^^^^^^[0m

[1m[33mwarning[0m[1m: unused import: `starlark::values::list::UnpackList`[0m
  [1m[94m--> [0mcrates/razel-loading/src/py_rules.rs:23:5
   [1m[94m|[0m
[1m[94m23[0m [1m[94m|[0m use starlark::values::list::UnpackList;
   [1m[94m|[0m     [1m[33m^^^^^^^^^^^^^^^^^^^^^^^^^^^^^^^^^^[0m

[1m[33mwarning[0m[1m: unused import: `unpack`[0m
  [1m[94m--> [0mcrates/razel-loading/src/sh_rules.rs:13:21
   [1m[94m|[0m
[1m[94m13[0m [1m[94m|[0m use crate::values::{unpack, unpack_strs};
   [1m[94m|[0m                     [1m[33m^^^^^^[0m

[1m[33mwarning[0m[1m: function `unpack` is never used[0m
   [1m[94m--> [0mcrates/razel-loading/src/values.rs:720:15
    [1m[94m|[0m
[1m[94m720[0m [1m[94m|[0m pub(crate) fn unpack(list: Option<UnpackList<String>>) -> Vec<String> {
    [1m[94m|[0m               [1m[33m^^^^^^[0m
    [1m[94m|[0m
    [1m[94m= [0m[1mnote[0m: `#[warn(dead_code)]` (part of `#[warn(unused)]`) on by default

[1m[33mwarning[0m[1m: 8 warnings emitted[0m

[1m[33mwarning[0m[1m: unused imports: `build_workspace_with`, `config_segment`, and `resolve_build_file`[0m
  [1m[94m--> [0mcrates/razel-cli/src/tests.rs:25:18
   [1m[94m|[0m
[1m[94m25[0m [1m[94m|[0m     GlobalFlags, build_workspace_with, config_segment, convenience_symlinks, resolve_build_file,
   [1m[94m|[0m                  [1m[33m^^^^^^^^^^^^^^^^^^^^[0m  [1m[33m^^^^^^^^^^^^^^[0m                        [1m[33m^^^^^^^^^^^^^^^^^^[0m
   [1m[94m|[0m
[1m[96mhelp[0m: if this is a test module, consider adding a `#[cfg(test)]` to the containing module
  [1m[94m--> [0mcrates/razel-cli/src/lib.rs:31:1
   [1m[94m|[0m
[1m[94m31[0m [1m[94m|[0m mod tests;
   [1m[94m|[0m [1m[96m^^^^^^^^^^[0m
   [1m[94m= [0m[1mnote[0m: `#[warn(unused_imports)]` (part of `#[warn(unused)]`) on by default

[1m[33mwarning[0m[1m: unused import: `razel_core::Digest`[0m
  [1m[94m--> [0mcrates/razel-cli/src/tests.rs:27:5
   [1m[94m|[0m
[1m[94m27[0m [1m[94m|[0m use razel_core::Digest;
   [1m[94m|[0m     [1m[33m^^^^^^^^^^^^^^^^^^[0m
   [1m[94m|[0m
[1m[96mhelp[0m: if this is a test module, consider adding a `#[cfg(test)]` to the containing module
  [1m[94m--> [0mcrates/razel-cli/src/lib.rs:31:1
   [1m[94m|[0m
[1m[94m31[0m [1m[94m|[0m mod tests;
   [1m[94m|[0m [1m[96m^^^^^^^^^^[0m

[1m[33mwarning[0m[1m: unused import: `Server`[0m
  [1m[94m--> [0mcrates/razel-cli/src/tests.rs:28:31
   [1m[94m|[0m
[1m[94m28[0m [1m[94m|[0m use razel_daemon::rpc::{self, Server};
   [1m[94m|[0m                               [1m[33m^^^^^^[0m
   [1m[94m|[0m
[1m[96mhelp[0m: if this is a test module, consider adding a `#[cfg(test)]` to the containing module
  [1m[94m--> [0mcrates/razel-cli/src/lib.rs:31:1
   [1m[94m|[0m
[1m[94m31[0m [1m[94m|[0m mod tests;
   [1m[94m|[0m [1m[96m^^^^^^^^^^[0m

[1m[33mwarning[0m[1m: unused import: `razel_exec::Cache`[0m
  [1m[94m--> [0mcrates/razel-cli/src/tests.rs:29:5
   [1m[94m|[0m
[1m[94m29[0m [1m[94m|[0m use razel_exec::Cache;
   [1m[94m|[0m     [1m[33m^^^^^^^^^^^^^^^^^[0m
   [1m[94m|[0m
[1m[96mhelp[0m: if this is a test module, consider adding a `#[cfg(test)]` to the containing module
  [1m[94m--> [0mcrates/razel-cli/src/lib.rs:31:1
   [1m[94m|[0m
[1m[94m31[0m [1m[94m|[0m mod tests;
   [1m[94m|[0m [1m[96m^^^^^^^^^^[0m

[1m[33mwarning[0m[1m: unused imports: `BuildState`, `ImpactSet`, `InvocationEvent`, and `OutputArtifact`[0m
  [1m[94m--> [0mcrates/razel-cli/src/tests.rs:31:18
   [1m[94m|[0m
[1m[94m31[0m [1m[94m|[0m     BuildResult, BuildState, BuildStatus, Hello, ImpactSet, InvocationEvent, OutputArtifact,
   [1m[94m|[0m                  [1m[33m^^^^^^^^^^[0m                      [1m[33m^^^^^^^^^[0m  [1m[33m^^^^^^^^^^^^^^^[0m  [1m[33m^^^^^^^^^^^^^^[0m
   [1m[94m|[0m
[1m[96mhelp[0m: if this is a test module, consider adding a `#[cfg(test)]` to the containing module
  [1m[94m--> [0mcrates/razel-cli/src/lib.rs:31:1
   [1m[94m|[0m
[1m[94m31[0m [1m[94m|[0m mod tests;
   [1m[94m|[0m [1m[96m^^^^^^^^^^[0m

[1m[33mwarning[0m[1m: unused import: `PathBuf`[0m
  [1m[94m--> [0mcrates/razel-cli/src/tests.rs:34:23
   [1m[94m|[0m
[1m[94m34[0m [1m[94m|[0m use std::path::{Path, PathBuf};
   [1m[94m|[0m                       [1m[33m^^^^^^^[0m
   [1m[94m|[0m
[1m[96mhelp[0m: if this is a test module, consider adding a `#[cfg(test)]` to the containing module
  [1m[94m--> [0mcrates/razel-cli/src/lib.rs:31:1
   [1m[94m|[0m
[1m[94m31[0m [1m[94m|[0m mod tests;
   [1m[94m|[0m [1m[96m^^^^^^^^^^[0m

[1m[33mwarning[0m[1m: unused import: `bazel_build_compat_env`[0m
  [1m[94m--> [0mcrates/razel-cli/src/tests.rs:41:37
   [1m[94m|[0m
[1m[94m41[0m [1m[94m|[0m use razel_build::args::{self, Opts, bazel_build_compat_env, default_socket};
   [1m[94m|[0m                                     [1m[33m^^^^^^^^^^^^^^^^^^^^^^[0m
   [1m[94m|[0m
[1m[96mhelp[0m: if this is a test module, consider adding a `#[cfg(test)]` to the containing module
  [1m[94m--> [0mcrates/razel-cli/src/lib.rs:31:1
   [1m[94m|[0m
[1m[94m31[0m [1m[94m|[0m mod tests;
   [1m[94m|[0m [1m[96m^^^^^^^^^^[0m

[1m[33mwarning[0m[1m: unused imports: `GlobalFlags`, `build_workspace_with`, `config_segment`, `convenience_symlinks`, and `resolve_build_file`[0m
  [1m[94m--> [0mcrates/razel-cli/src/flag_mapping_tests.rs:25:5
   [1m[94m|[0m
[1m[94m25[0m [1m[94m|[0m     GlobalFlags, build_workspace_with, config_segment, convenience_symlinks, resolve_build_file,
   [1m[94m|[0m     [1m[33m^^^^^^^^^^^[0m  [1m[33m^^^^^^^^^^^^^^^^^^^^[0m  [1m[33m^^^^^^^^^^^^^^[0m  [1m[33m^^^^^^^^^^^^^^^^^^^^[0m  [1m[33m^^^^^^^^^^^^^^^^^^[0m
   [1m[94m|[0m
[1m[96mhelp[0m: if this is a test module, consider adding a `#[cfg(test)]` to the containing module
  [1m[94m--> [0mcrates/razel-cli/src/lib.rs:33:1
   [1m[94m|[0m
[1m[94m33[0m [1m[94m|[0m mod flag_mapping_tests;
   [1m[94m|[0m [1m[96m^^^^^^^^^^^^^^^^^^^^^^^[0m

[1m[33mwarning[0m[1m: unused import: `razel_core::Digest`[0m
  [1m[94m--> [0mcrates/razel-cli/src/flag_mapping_tests.rs:27:5
   [1m[94m|[0m
[1m[94m27[0m [1m[94m|[0m use razel_core::Digest;
   [1m[94m|[0m     [1m[33m^^^^^^^^^^^^^^^^^^[0m
   [1m[94m|[0m
[1m[96mhelp[0m: if this is a test module, consider adding a `#[cfg(test)]` to the containing module
  [1m[94m--> [0mcrates/razel-cli/src/lib.rs:33:1
   [1m[94m|[0m
[1m[94m33[0m [1m[94m|[0m mod flag_mapping_tests;
   [1m[94m|[0m [1m[96m^^^^^^^^^^^^^^^^^^^^^^^[0m

[1m[33mwarning[0m[1m: unused imports: `Server` and `self`[0m
  [1m[94m--> [0mcrates/razel-cli/src/flag_mapping_tests.rs:28:25
   [1m[94m|[0m
[1m[94m28[0m [1m[94m|[0m use razel_daemon::rpc::{self, Server};
   [1m[94m|[0m                         [1m[33m^^^^[0m  [1m[33m^^^^^^[0m
   [1m[94m|[0m
[1m[96mhelp[0m: if this is a test module, consider adding a `#[cfg(test)]` to the containing module
  [1m[94m--> [0mcrates/razel-cli/src/lib.rs:33:1
   [1m[94m|[0m
[1m[94m33[0m [1m[94m|[0m mod flag_mapping_tests;
   [1m[94m|[0m [1m[96m^^^^^^^^^^^^^^^^^^^^^^^[0m

[1m[33mwarning[0m[1m: unused import: `razel_exec::Cache`[0m
  [1m[94m--> [0mcrates/razel-cli/src/flag_mapping_tests.rs:29:5
   [1m[94m|[0m
[1m[94m29[0m [1m[94m|[0m use razel_exec::Cache;
   [1m[94m|[0m     [1m[33m^^^^^^^^^^^^^^^^^[0m
   [1m[94m|[0m
[1m[96mhelp[0m: if this is a test module, consider adding a `#[cfg(test)]` to the containing module
  [1m[94m--> [0mcrates/razel-cli/src/lib.rs:33:1
   [1m[94m|[0m
[1m[94m33[0m [1m[94m|[0m mod flag_mapping_tests;
   [1m[94m|[0m [1m[96m^^^^^^^^^^^^^^^^^^^^^^^[0m

[1m[33mwarning[0m[1m: unused imports: `BuildResult`, `BuildState`, `BuildStatus`, `Hello`, `ImpactSet`, `InvocationEvent`, `OutputArtifact`, `VersionInfo`, and `encode`[0m
  [1m[94m--> [0mcrates/razel-cli/src/flag_mapping_tests.rs:31:5
   [1m[94m|[0m
[1m[94m31[0m [1m[94m|[0m     BuildResult, BuildState, BuildStatus, Hello, ImpactSet, InvocationEvent, OutputArtifact,
   [1m[94m|[0m     [1m[33m^^^^^^^^^^^[0m  [1m[33m^^^^^^^^^^[0m  [1m[33m^^^^^^^^^^^[0m  [1m[33m^^^^^[0m  [1m[33m^^^^^^^^^[0m  [1m[33m^^^^^^^^^^^^^^^[0m  [1m[33m^^^^^^^^^^^^^^[0m
[1m[94m32[0m [1m[94m|[0m     VersionInfo, encode,
   [1m[94m|[0m     [1m[33m^^^^^^^^^^^[0m  [1m[33m^^^^^^[0m
   [1m[94m|[0m
[1m[96mhelp[0m: if this is a test module, consider adding a `#[cfg(test)]` to the containing module
  [1m[94m--> [0mcrates/razel-cli/src/lib.rs:33:1
   [1m[94m|[0m
[1m[94m33[0m [1m[94m|[0m mod flag_mapping_tests;
   [1m[94m|[0m [1m[96m^^^^^^^^^^^^^^^^^^^^^^^[0m

[1m[33mwarning[0m[1m: unused imports: `PathBuf` and `Path`[0m
  [1m[94m--> [0mcrates/razel-cli/src/flag_mapping_tests.rs:34:17
   [1m[94m|[0m
[1m[94m34[0m [1m[94m|[0m use std::path::{Path, PathBuf};
   [1m[94m|[0m                 [1m[33m^^^^[0m  [1m[33m^^^^^^^[0m
   [1m[94m|[0m
[1m[96mhelp[0m: if this is a test module, consider adding a `#[cfg(test)]` to the containing module
  [1m[94m--> [0mcrates/razel-cli/src/lib.rs:33:1
   [1m[94m|[0m
[1m[94m33[0m [1m[94m|[0m mod flag_mapping_tests;
   [1m[94m|[0m [1m[96m^^^^^^^^^^^^^^^^^^^^^^^[0m

[1m[33mwarning[0m[1m: unused import: `std::process::ExitCode`[0m
  [1m[94m--> [0mcrates/razel-cli/src/flag_mapping_tests.rs:35:5
   [1m[94m|[0m
[1m[94m35[0m [1m[94m|[0m use std::process::ExitCode;
   [1m[94m|[0m     [1m[33m^^^^^^^^^^^^^^^^^^^^^^[0m
   [1m[94m|[0m
[1m[96mhelp[0m: if this is a test module, consider adding a `#[cfg(test)]` to the containing module
  [1m[94m--> [0mcrates/razel-cli/src/lib.rs:33:1
   [1m[94m|[0m
[1m[94m33[0m [1m[94m|[0m mod flag_mapping_tests;
   [1m[94m|[0m [1m[96m^^^^^^^^^^^^^^^^^^^^^^^[0m

[1m[33mwarning[0m[1m: unused imports: `Opts`, `bazel_build_compat_env`, `default_socket`, and `self`[0m
  [1m[94m--> [0mcrates/razel-cli/src/flag_mapping_tests.rs:41:25
   [1m[94m|[0m
[1m[94m41[0m [1m[94m|[0m use razel_build::args::{self, Opts, bazel_build_compat_env, default_socket};
   [1m[94m|[0m                         [1m[33m^^^^[0m  [1m[33m^^^^[0m  [1m[33m^^^^^^^^^^^^^^^^^^^^^^[0m  [1m[33m^^^^^^^^^^^^^^[0m
   [1m[94m|[0m
[1m[96mhelp[0m: if this is a test module, consider adding a `#[cfg(test)]` to the containing module
  [1m[94m--> [0mcrates/razel-cli/src/lib.rs:33:1
   [1m[94m|[0m
[1m[94m33[0m [1m[94m|[0m mod flag_mapping_tests;
   [1m[94m|[0m [1m[96m^^^^^^^^^^^^^^^^^^^^^^^[0m

[1m[33mwarning[0m[1m: unused import: `crate::*`[0m
  [1m[94m--> [0mcrates/razel-cli/src/flag_mapping_tests.rs:44:5
   [1m[94m|[0m
[1m[94m44[0m [1m[94m|[0m use crate::*;
   [1m[94m|[0m     [1m[33m^^^^^^^^[0m
   [1m[94m|[0m
[1m[96mhelp[0m: if this is a test module, consider adding a `#[cfg(test)]` to the containing module
  [1m[94m--> [0mcrates/razel-cli/src/lib.rs:33:1
   [1m[94m|[0m
[1m[94m33[0m [1m[94m|[0m mod flag_mapping_tests;
   [1m[94m|[0m [1m[96m^^^^^^^^^^^^^^^^^^^^^^^[0m

[1m[33mwarning[0m[1m: method `log` is never used[0m
  [1m[94m--> [0mcrates/razel-cli/src/progress.rs:48:19
   [1m[94m|[0m
[1m[94m27[0m [1m[94m|[0m impl Progress {
   [1m[94m|[0m [1m[94m-------------[0m [1m[94mmethod in this implementation[0m
[1m[94m...[0m
[1m[94m48[0m [1m[94m|[0m     pub(crate) fn log(&mut self, line: &str) {
   [1m[94m|[0m                   [1m[33m^^^[0m
   [1m[94m|[0m
   [1m[94m= [0m[1mnote[0m: `#[warn(dead_code)]` (part of `#[warn(unused)]`) on by default

[1m[33mwarning[0m[1m: 17 warnings emitted[0m

razel daemon: serving /Users/owebeeone/limbo/glial-dev/razel on /Users/owebeeone/limbo/glial-dev/razel/.razel-daemon.sock
[1m[33mwarning[0m[1m: unused imports: `build_workspace_with`, `config_segment`, and `resolve_build_file`[0m
  [1m[94m--> [0mcrates/razel-cli/src/tests.rs:25:18
   [1m[94m|[0m
[1m[94m25[0m [1m[94m|[0m     GlobalFlags, build_workspace_with, config_segment, convenience_symlinks, resolve_build_file,
   [1m[94m|[0m                  [1m[33m^^^^^^^^^^^^^^^^^^^^[0m  [1m[33m^^^^^^^^^^^^^^[0m                        [1m[33m^^^^^^^^^^^^^^^^^^[0m
   [1m[94m|[0m
[1m[96mhelp[0m: if this is a test module, consider adding a `#[cfg(test)]` to the containing module
  [1m[94m--> [0mcrates/razel-cli/src/lib.rs:31:1
   [1m[94m|[0m
[1m[94m31[0m [1m[94m|[0m mod tests;
   [1m[94m|[0m [1m[96m^^^^^^^^^^[0m
   [1m[94m= [0m[1mnote[0m: `#[warn(unused_imports)]` (part of `#[warn(unused)]`) on by default

[1m[33mwarning[0m[1m: unused import: `razel_core::Digest`[0m
  [1m[94m--> [0mcrates/razel-cli/src/tests.rs:27:5
   [1m[94m|[0m
[1m[94m27[0m [1m[94m|[0m use razel_core::Digest;
   [1m[94m|[0m     [1m[33m^^^^^^^^^^^^^^^^^^[0m
   [1m[94m|[0m
[1m[96mhelp[0m: if this is a test module, consider adding a `#[cfg(test)]` to the containing module
  [1m[94m--> [0mcrates/razel-cli/src/lib.rs:31:1
   [1m[94m|[0m
[1m[94m31[0m [1m[94m|[0m mod tests;
   [1m[94m|[0m [1m[96m^^^^^^^^^^[0m

[1m[33mwarning[0m[1m: unused import: `Server`[0m
  [1m[94m--> [0mcrates/razel-cli/src/tests.rs:28:31
   [1m[94m|[0m
[1m[94m28[0m [1m[94m|[0m use razel_daemon::rpc::{self, Server};
   [1m[94m|[0m                               [1m[33m^^^^^^[0m
   [1m[94m|[0m
[1m[96mhelp[0m: if this is a test module, consider adding a `#[cfg(test)]` to the containing module
  [1m[94m--> [0mcrates/razel-cli/src/lib.rs:31:1
   [1m[94m|[0m
[1m[94m31[0m [1m[94m|[0m mod tests;
   [1m[94m|[0m [1m[96m^^^^^^^^^^[0m

[1m[33mwarning[0m[1m: unused import: `razel_exec::Cache`[0m
  [1m[94m--> [0mcrates/razel-cli/src/tests.rs:29:5
   [1m[94m|[0m
[1m[94m29[0m [1m[94m|[0m use razel_exec::Cache;
   [1m[94m|[0m     [1m[33m^^^^^^^^^^^^^^^^^[0m
   [1m[94m|[0m
[1m[96mhelp[0m: if this is a test module, consider adding a `#[cfg(test)]` to the containing module
  [1m[94m--> [0mcrates/razel-cli/src/lib.rs:31:1
   [1m[94m|[0m
[1m[94m31[0m [1m[94m|[0m mod tests;
   [1m[94m|[0m [1m[96m^^^^^^^^^^[0m

[1m[33mwarning[0m[1m: unused imports: `BuildState`, `ImpactSet`, `InvocationEvent`, and `OutputArtifact`[0m
  [1m[94m--> [0mcrates/razel-cli/src/tests.rs:31:18
   [1m[94m|[0m
[1m[94m31[0m [1m[94m|[0m     BuildResult, BuildState, BuildStatus, Hello, ImpactSet, InvocationEvent, OutputArtifact,
   [1m[94m|[0m                  [1m[33m^^^^^^^^^^[0m                      [1m[33m^^^^^^^^^[0m  [1m[33m^^^^^^^^^^^^^^^[0m  [1m[33m^^^^^^^^^^^^^^[0m
   [1m[94m|[0m
[1m[96mhelp[0m: if this is a test module, consider adding a `#[cfg(test)]` to the containing module
  [1m[94m--> [0mcrates/razel-cli/src/lib.rs:31:1
   [1m[94m|[0m
[1m[94m31[0m [1m[94m|[0m mod tests;
   [1m[94m|[0m [1m[96m^^^^^^^^^^[0m

[1m[33mwarning[0m[1m: unused import: `PathBuf`[0m
  [1m[94m--> [0mcrates/razel-cli/src/tests.rs:34:23
   [1m[94m|[0m
[1m[94m34[0m [1m[94m|[0m use std::path::{Path, PathBuf};
   [1m[94m|[0m                       [1m[33m^^^^^^^[0m
   [1m[94m|[0m
[1m[96mhelp[0m: if this is a test module, consider adding a `#[cfg(test)]` to the containing module
  [1m[94m--> [0mcrates/razel-cli/src/lib.rs:31:1
   [1m[94m|[0m
[1m[94m31[0m [1m[94m|[0m mod tests;
   [1m[94m|[0m [1m[96m^^^^^^^^^^[0m

[1m[33mwarning[0m[1m: unused import: `bazel_build_compat_env`[0m
  [1m[94m--> [0mcrates/razel-cli/src/tests.rs:41:37
   [1m[94m|[0m
[1m[94m41[0m [1m[94m|[0m use razel_build::args::{self, Opts, bazel_build_compat_env, default_socket};
   [1m[94m|[0m                                     [1m[33m^^^^^^^^^^^^^^^^^^^^^^[0m
   [1m[94m|[0m
[1m[96mhelp[0m: if this is a test module, consider adding a `#[cfg(test)]` to the containing module
  [1m[94m--> [0mcrates/razel-cli/src/lib.rs:31:1
   [1m[94m|[0m
[1m[94m31[0m [1m[94m|[0m mod tests;
   [1m[94m|[0m [1m[96m^^^^^^^^^^[0m

[1m[33mwarning[0m[1m: unused imports: `GlobalFlags`, `build_workspace_with`, `config_segment`, `convenience_symlinks`, and `resolve_build_file`[0m
  [1m[94m--> [0mcrates/razel-cli/src/flag_mapping_tests.rs:25:5
   [1m[94m|[0m
[1m[94m25[0m [1m[94m|[0m     GlobalFlags, build_workspace_with, config_segment, convenience_symlinks, resolve_build_file,
   [1m[94m|[0m     [1m[33m^^^^^^^^^^^[0m  [1m[33m^^^^^^^^^^^^^^^^^^^^[0m  [1m[33m^^^^^^^^^^^^^^[0m  [1m[33m^^^^^^^^^^^^^^^^^^^^[0m  [1m[33m^^^^^^^^^^^^^^^^^^[0m
   [1m[94m|[0m
[1m[96mhelp[0m: if this is a test module, consider adding a `#[cfg(test)]` to the containing module
  [1m[94m--> [0mcrates/razel-cli/src/lib.rs:33:1
   [1m[94m|[0m
[1m[94m33[0m [1m[94m|[0m mod flag_mapping_tests;
   [1m[94m|[0m [1m[96m^^^^^^^^^^^^^^^^^^^^^^^[0m

[1m[33mwarning[0m[1m: unused import: `razel_core::Digest`[0m
  [1m[94m--> [0mcrates/razel-cli/src/flag_mapping_tests.rs:27:5
   [1m[94m|[0m
[1m[94m27[0m [1m[94m|[0m use razel_core::Digest;
   [1m[94m|[0m     [1m[33m^^^^^^^^^^^^^^^^^^[0m
   [1m[94m|[0m
[1m[96mhelp[0m: if this is a test module, consider adding a `#[cfg(test)]` to the containing module
  [1m[94m--> [0mcrates/razel-cli/src/lib.rs:33:1
   [1m[94m|[0m
[1m[94m33[0m [1m[94m|[0m mod flag_mapping_tests;
   [1m[94m|[0m [1m[96m^^^^^^^^^^^^^^^^^^^^^^^[0m

[1m[33mwarning[0m[1m: unused imports: `Server` and `self`[0m
  [1m[94m--> [0mcrates/razel-cli/src/flag_mapping_tests.rs:28:25
   [1m[94m|[0m
[1m[94m28[0m [1m[94m|[0m use razel_daemon::rpc::{self, Server};
   [1m[94m|[0m                         [1m[33m^^^^[0m  [1m[33m^^^^^^[0m
   [1m[94m|[0m
[1m[96mhelp[0m: if this is a test module, consider adding a `#[cfg(test)]` to the containing module
  [1m[94m--> [0mcrates/razel-cli/src/lib.rs:33:1
   [1m[94m|[0m
[1m[94m33[0m [1m[94m|[0m mod flag_mapping_tests;
   [1m[94m|[0m [1m[96m^^^^^^^^^^^^^^^^^^^^^^^[0m

[1m[33mwarning[0m[1m: unused import: `razel_exec::Cache`[0m
  [1m[94m--> [0mcrates/razel-cli/src/flag_mapping_tests.rs:29:5
   [1m[94m|[0m
[1m[94m29[0m [1m[94m|[0m use razel_exec::Cache;
   [1m[94m|[0m     [1m[33m^^^^^^^^^^^^^^^^^[0m
   [1m[94m|[0m
[1m[96mhelp[0m: if this is a test module, consider adding a `#[cfg(test)]` to the containing module
  [1m[94m--> [0mcrates/razel-cli/src/lib.rs:33:1
   [1m[94m|[0m
[1m[94m33[0m [1m[94m|[0m mod flag_mapping_tests;
   [1m[94m|[0m [1m[96m^^^^^^^^^^^^^^^^^^^^^^^[0m

[1m[33mwarning[0m[1m: unused imports: `BuildResult`, `BuildState`, `BuildStatus`, `Hello`, `ImpactSet`, `InvocationEvent`, `OutputArtifact`, `VersionInfo`, and `encode`[0m
  [1m[94m--> [0mcrates/razel-cli/src/flag_mapping_tests.rs:31:5
   [1m[94m|[0m
[1m[94m31[0m [1m[94m|[0m     BuildResult, BuildState, BuildStatus, Hello, ImpactSet, InvocationEvent, OutputArtifact,
   [1m[94m|[0m     [1m[33m^^^^^^^^^^^[0m  [1m[33m^^^^^^^^^^[0m  [1m[33m^^^^^^^^^^^[0m  [1m[33m^^^^^[0m  [1m[33m^^^^^^^^^[0m  [1m[33m^^^^^^^^^^^^^^^[0m  [1m[33m^^^^^^^^^^^^^^[0m
[1m[94m32[0m [1m[94m|[0m     VersionInfo, encode,
   [1m[94m|[0m     [1m[33m^^^^^^^^^^^[0m  [1m[33m^^^^^^[0m
   [1m[94m|[0m
[1m[96mhelp[0m: if this is a test module, consider adding a `#[cfg(test)]` to the containing module
  [1m[94m--> [0mcrates/razel-cli/src/lib.rs:33:1
   [1m[94m|[0m
[1m[94m33[0m [1m[94m|[0m mod flag_mapping_tests;
   [1m[94m|[0m [1m[96m^^^^^^^^^^^^^^^^^^^^^^^[0m

[1m[33mwarning[0m[1m: unused imports: `PathBuf` and `Path`[0m
  [1m[94m--> [0mcrates/razel-cli/src/flag_mapping_tests.rs:34:17
   [1m[94m|[0m
[1m[94m34[0m [1m[94m|[0m use std::path::{Path, PathBuf};
   [1m[94m|[0m                 [1m[33m^^^^[0m  [1m[33m^^^^^^^[0m
   [1m[94m|[0m
[1m[96mhelp[0m: if this is a test module, consider adding a `#[cfg(test)]` to the containing module
  [1m[94m--> [0mcrates/razel-cli/src/lib.rs:33:1
   [1m[94m|[0m
[1m[94m33[0m [1m[94m|[0m mod flag_mapping_tests;
   [1m[94m|[0m [1m[96m^^^^^^^^^^^^^^^^^^^^^^^[0m

[1m[33mwarning[0m[1m: unused import: `std::process::ExitCode`[0m
  [1m[94m--> [0mcrates/razel-cli/src/flag_mapping_tests.rs:35:5
   [1m[94m|[0m
[1m[94m35[0m [1m[94m|[0m use std::process::ExitCode;
   [1m[94m|[0m     [1m[33m^^^^^^^^^^^^^^^^^^^^^^[0m
   [1m[94m|[0m
[1m[96mhelp[0m: if this is a test module, consider adding a `#[cfg(test)]` to the containing module
  [1m[94m--> [0mcrates/razel-cli/src/lib.rs:33:1
   [1m[94m|[0m
[1m[94m33[0m [1m[94m|[0m mod flag_mapping_tests;
   [1m[94m|[0m [1m[96m^^^^^^^^^^^^^^^^^^^^^^^[0m

[1m[33mwarning[0m[1m: unused imports: `Opts`, `bazel_build_compat_env`, `default_socket`, and `self`[0m
  [1m[94m--> [0mcrates/razel-cli/src/flag_mapping_tests.rs:41:25
   [1m[94m|[0m
[1m[94m41[0m [1m[94m|[0m use razel_build::args::{self, Opts, bazel_build_compat_env, default_socket};
   [1m[94m|[0m                         [1m[33m^^^^[0m  [1m[33m^^^^[0m  [1m[33m^^^^^^^^^^^^^^^^^^^^^^[0m  [1m[33m^^^^^^^^^^^^^^[0m
   [1m[94m|[0m
[1m[96mhelp[0m: if this is a test module, consider adding a `#[cfg(test)]` to the containing module
  [1m[94m--> [0mcrates/razel-cli/src/lib.rs:33:1
   [1m[94m|[0m
[1m[94m33[0m [1m[94m|[0m mod flag_mapping_tests;
   [1m[94m|[0m [1m[96m^^^^^^^^^^^^^^^^^^^^^^^[0m

[1m[33mwarning[0m[1m: unused import: `crate::*`[0m
  [1m[94m--> [0mcrates/razel-cli/src/flag_mapping_tests.rs:44:5
   [1m[94m|[0m
[1m[94m44[0m [1m[94m|[0m use crate::*;
   [1m[94m|[0m     [1m[33m^^^^^^^^[0m
   [1m[94m|[0m
[1m[96mhelp[0m: if this is a test module, consider adding a `#[cfg(test)]` to the containing module
  [1m[94m--> [0mcrates/razel-cli/src/lib.rs:33:1
   [1m[94m|[0m
[1m[94m33[0m [1m[94m|[0m mod flag_mapping_tests;
   [1m[94m|[0m [1m[96m^^^^^^^^^^^^^^^^^^^^^^^[0m

[1m[33mwarning[0m[1m: method `log` is never used[0m
  [1m[94m--> [0mcrates/razel-cli/src/progress.rs:51:19
   [1m[94m|[0m
[1m[94m30[0m [1m[94m|[0m impl Progress {
   [1m[94m|[0m [1m[94m-------------[0m [1m[94mmethod in this implementation[0m
[1m[94m...[0m
[1m[94m51[0m [1m[94m|[0m     pub(crate) fn log(&mut self, line: &str) {
   [1m[94m|[0m                   [1m[33m^^^[0m
   [1m[94m|[0m
   [1m[94m= [0m[1mnote[0m: `#[warn(dead_code)]` (part of `#[warn(unused)]`) on by default

[1m[33mwarning[0m[1m: 17 warnings emitted[0m

razel daemon: serving /Users/owebeeone/limbo/glial-dev/razel on /Users/owebeeone/limbo/glial-dev/razel/.razel-daemon.sock
razel daemon: serving /Users/owebeeone/limbo/glial-dev/razel on /Users/owebeeone/limbo/glial-dev/razel/.razel-daemon.sock
razel daemon: serving /Users/owebeeone/limbo/glial-dev/razel on /Users/owebeeone/limbo/glial-dev/razel/.razel-daemon.sock
razel daemon: serving /Users/owebeeone/limbo/glial-dev/razel on /Users/owebeeone/limbo/glial-dev/razel/.razel-daemon.sock
razel daemon: serving /Users/owebeeone/limbo/glial-dev/razel on /Users/owebeeone/limbo/glial-dev/razel/.razel-daemon.sock
razel daemon: serving /Users/owebeeone/limbo/glial-dev/razel on /Users/owebeeone/limbo/glial-dev/razel/.razel-daemon.sock
razel daemon: serving /Users/owebeeone/limbo/glial-dev/razel on /Users/owebeeone/limbo/glial-dev/razel/.razel-daemon.sock
razel daemon: serving /Users/owebeeone/limbo/glial-dev/razel on /Users/owebeeone/limbo/glial-dev/razel/.razel-daemon.sock
razel daemon: serving /Users/owebeeone/limbo/glial-dev/razel on /Users/owebeeone/limbo/glial-dev/razel/.razel-daemon.sock
razel daemon: serving /Users/owebeeone/limbo/glial-dev/razel on /Users/owebeeone/limbo/glial-dev/razel/.razel-daemon.sock
razel daemon: serving /Users/owebeeone/limbo/glial-dev/razel on /Users/owebeeone/limbo/glial-dev/razel/.razel-daemon.sock
razel daemon: serving /Users/owebeeone/limbo/glial-dev/razel on /Users/owebeeone/limbo/glial-dev/razel/.razel-daemon.sock
razel daemon: serving /Users/owebeeone/limbo/glial-dev/razel on /Users/owebeeone/limbo/glial-dev/razel/.razel-daemon.sock
razel daemon: serving /Users/owebeeone/limbo/glial-dev/razel on /Users/owebeeone/limbo/glial-dev/razel/.razel-daemon.sock
razel daemon: serving /Users/owebeeone/limbo/glial-dev/razel on /Users/owebeeone/limbo/glial-dev/razel/.razel-daemon.sock
razel daemon: serving /Users/owebeeone/limbo/glial-dev/razel on /Users/owebeeone/limbo/glial-dev/razel/.razel-daemon.sock
